[2.354s] Invoking command in '/home/selqie/buoyancy/led': PYTHONPATH=/home/selqie/buoyancy/build/led/prefix_override:/usr/lib/python3/dist-packages/colcon_core/task/python/colcon_distutils_commands:/home/selqie/buoyancy/install/led/lib/python3.12/site-packages:${PYTHONPATH} /usr/bin/python3 -W ignore:setup.py install is deprecated -W ignore:easy_install command is deprecated setup.py egg_info --egg-base ../build/led build --build-base /home/selqie/buoyancy/build/led/build install --record /home/selqie/buoyancy/build/led/install.log --single-version-externally-managed install_data
[2.796s] running egg_info
[2.819s] writing ../build/led/led.egg-info/PKG-INFO
[2.822s] writing dependency_links to ../build/led/led.egg-info/dependency_links.txt
[2.823s] writing entry points to ../build/led/led.egg-info/entry_points.txt
[2.823s] writing requirements to ../build/led/led.egg-info/requires.txt
[2.823s] writing top-level names to ../build/led/led.egg-info/top_level.txt
[2.869s] reading manifest file '../build/led/led.egg-info/SOURCES.txt'
[2.871s] writing manifest file '../build/led/led.egg-info/SOURCES.txt'
[2.871s] running build
[2.871s] running build_py
[2.874s] running install
[2.885s] running install_lib
[2.916s] running install_data
[2.920s] running install_egg_info
[2.943s] removing '/home/selqie/buoyancy/install/led/lib/python3.12/site-packages/led-0.0.4-py3.12.egg-info' (and everything under it)
[2.944s] Copying ../build/led/led.egg-info to /home/selqie/buoyancy/install/led/lib/python3.12/site-packages/led-0.0.4-py3.12.egg-info
[2.946s] running install_scripts
[3.149s] Installing led_node script to /home/selqie/buoyancy/install/led/lib/led
[3.149s] Installing led_tester script to /home/selqie/buoyancy/install/led/lib/led
[3.153s] Installing rainbow_fade script to /home/selqie/buoyancy/install/led/lib/led
[3.155s] Installing ws2812b-set script to /home/selqie/buoyancy/install/led/lib/led
[3.156s] writing list of installed files to '/home/selqie/buoyancy/build/led/install.log'
[3.355s] Invoked command in '/home/selqie/buoyancy/led' returned '0': PYTHONPATH=/home/selqie/buoyancy/build/led/prefix_override:/usr/lib/python3/dist-packages/colcon_core/task/python/colcon_distutils_commands:/home/selqie/buoyancy/install/led/lib/python3.12/site-packages:${PYTHONPATH} /usr/bin/python3 -W ignore:setup.py install is deprecated -W ignore:easy_install command is deprecated setup.py egg_info --egg-base ../build/led build --build-base /home/selqie/buoyancy/build/led/build install --record /home/selqie/buoyancy/build/led/install.log --single-version-externally-managed install_data
