[1.552s] Invoking command in '/home/selqie/buoyancy/buoy_control': AMENT_PREFIX_PATH=/home/selqie/buoyancy/install/motor_interfaces:${AMENT_PREFIX_PATH} CMAKE_PREFIX_PATH=/home/selqie/buoyancy/install/motor_interfaces LD_LIBRARY_PATH=/home/selqie/buoyancy/install/motor_interfaces/lib:${LD_LIBRARY_PATH} PYTHONPATH=/home/selqie/buoyancy/build/buoy_control/prefix_override:/usr/lib/python3/dist-packages/colcon_core/task/python/colcon_distutils_commands:/home/selqie/buoyancy/install/buoy_control/lib/python3.12/site-packages:/home/selqie/buoyancy/install/motor_interfaces/lib/python3.12/site-packages:${PYTHONPATH} /usr/bin/python3 -W ignore:setup.py install is deprecated -W ignore:easy_install command is deprecated setup.py egg_info --egg-base ../build/buoy_control build --build-base /home/selqie/buoyancy/build/buoy_control/build install --record /home/selqie/buoyancy/build/buoy_control/install.log --single-version-externally-managed install_data
[1.890s] running egg_info
[1.911s] writing ../build/buoy_control/buoy_control.egg-info/PKG-INFO
[1.912s] writing dependency_links to ../build/buoy_control/buoy_control.egg-info/dependency_links.txt
[1.913s] writing entry points to ../build/buoy_control/buoy_control.egg-info/entry_points.txt
[1.913s] writing requirements to ../build/buoy_control/buoy_control.egg-info/requires.txt
[1.914s] writing top-level names to ../build/buoy_control/buoy_control.egg-info/top_level.txt
[1.959s] reading manifest file '../build/buoy_control/buoy_control.egg-info/SOURCES.txt'
[1.959s] adding license file 'LICENSE'
[1.960s] writing manifest file '../build/buoy_control/buoy_control.egg-info/SOURCES.txt'
[1.960s] running build
[1.961s] running build_py
[1.963s] running install
[1.972s] running install_lib
[1.996s] running install_data
[1.996s] copying launch/timer_control_single.launch.py -> /home/selqie/buoyancy/install/buoy_control/share/buoy_control/launch
[1.996s] running install_egg_info
[2.020s] removing '/home/selqie/buoyancy/install/buoy_control/lib/python3.12/site-packages/buoy_control-0.0.0-py3.12.egg-info' (and everything under it)
[2.020s] Copying ../build/buoy_control/buoy_control.egg-info to /home/selqie/buoyancy/install/buoy_control/lib/python3.12/site-packages/buoy_control-0.0.0-py3.12.egg-info
[2.023s] running install_scripts
[2.180s] Installing button_control_node script to /home/selqie/buoyancy/install/buoy_control/lib/buoy_control
[2.180s] Installing timer_control_node script to /home/selqie/buoyancy/install/buoy_control/lib/buoy_control
[2.182s] writing list of installed files to '/home/selqie/buoyancy/build/buoy_control/install.log'
[2.296s] Invoked command in '/home/selqie/buoyancy/buoy_control' returned '0': AMENT_PREFIX_PATH=/home/selqie/buoyancy/install/motor_interfaces:${AMENT_PREFIX_PATH} CMAKE_PREFIX_PATH=/home/selqie/buoyancy/install/motor_interfaces LD_LIBRARY_PATH=/home/selqie/buoyancy/install/motor_interfaces/lib:${LD_LIBRARY_PATH} PYTHONPATH=/home/selqie/buoyancy/build/buoy_control/prefix_override:/usr/lib/python3/dist-packages/colcon_core/task/python/colcon_distutils_commands:/home/selqie/buoyancy/install/buoy_control/lib/python3.12/site-packages:/home/selqie/buoyancy/install/motor_interfaces/lib/python3.12/site-packages:${PYTHONPATH} /usr/bin/python3 -W ignore:setup.py install is deprecated -W ignore:easy_install command is deprecated setup.py egg_info --egg-base ../build/buoy_control build --build-base /home/selqie/buoyancy/build/buoy_control/build install --record /home/selqie/buoyancy/build/buoy_control/install.log --single-version-externally-managed install_data
