[3.194s] Invoking command in '/home/selqie/buoyancy/buoy_control': AMENT_PREFIX_PATH=/home/selqie/buoyancy/install/motor_interfaces:${AMENT_PREFIX_PATH} CMAKE_PREFIX_PATH=/home/selqie/buoyancy/install/motor_interfaces LD_LIBRARY_PATH=/home/selqie/buoyancy/install/motor_interfaces/lib:${LD_LIBRARY_PATH} PYTHONPATH=/home/selqie/buoyancy/build/buoy_control/prefix_override:/usr/lib/python3/dist-packages/colcon_core/task/python/colcon_distutils_commands:/home/selqie/buoyancy/install/buoy_control/lib/python3.12/site-packages:/home/selqie/buoyancy/install/motor_interfaces/lib/python3.12/site-packages:${PYTHONPATH} /usr/bin/python3 -W ignore:setup.py install is deprecated -W ignore:easy_install command is deprecated setup.py egg_info --egg-base ../build/buoy_control build --build-base /home/selqie/buoyancy/build/buoy_control/build install --record /home/selqie/buoyancy/build/buoy_control/install.log --single-version-externally-managed install_data
[3.643s] running egg_info
[3.664s] writing ../build/buoy_control/buoy_control.egg-info/PKG-INFO
[3.664s] writing dependency_links to ../build/buoy_control/buoy_control.egg-info/dependency_links.txt
[3.666s] writing entry points to ../build/buoy_control/buoy_control.egg-info/entry_points.txt
[3.667s] writing requirements to ../build/buoy_control/buoy_control.egg-info/requires.txt
[3.668s] writing top-level names to ../build/buoy_control/buoy_control.egg-info/top_level.txt
[3.751s] reading manifest file '../build/buoy_control/buoy_control.egg-info/SOURCES.txt'
[3.752s] adding license file 'LICENSE'
[3.753s] writing manifest file '../build/buoy_control/buoy_control.egg-info/SOURCES.txt'
[3.754s] running build
[3.754s] running build_py
[3.755s] running install
[3.776s] running install_lib
[3.805s] running install_data
[3.805s] copying launch/backup_motor.launch.py -> /home/selqie/buoyancy/install/buoy_control/share/buoy_control/launch
[3.806s] running install_egg_info
[3.829s] removing '/home/selqie/buoyancy/install/buoy_control/lib/python3.12/site-packages/buoy_control-0.0.0-py3.12.egg-info' (and everything under it)
[3.830s] Copying ../build/buoy_control/buoy_control.egg-info to /home/selqie/buoyancy/install/buoy_control/lib/python3.12/site-packages/buoy_control-0.0.0-py3.12.egg-info
[3.831s] running install_scripts
[4.045s] Installing backup_motor_node script to /home/selqie/buoyancy/install/buoy_control/lib/buoy_control
[4.046s] Installing button_control_node script to /home/selqie/buoyancy/install/buoy_control/lib/buoy_control
[4.046s] Installing timer_control_node script to /home/selqie/buoyancy/install/buoy_control/lib/buoy_control
[4.047s] Installing zero_motor_node script to /home/selqie/buoyancy/install/buoy_control/lib/buoy_control
[4.048s] writing list of installed files to '/home/selqie/buoyancy/build/buoy_control/install.log'
[4.171s] Invoked command in '/home/selqie/buoyancy/buoy_control' returned '0': AMENT_PREFIX_PATH=/home/selqie/buoyancy/install/motor_interfaces:${AMENT_PREFIX_PATH} CMAKE_PREFIX_PATH=/home/selqie/buoyancy/install/motor_interfaces LD_LIBRARY_PATH=/home/selqie/buoyancy/install/motor_interfaces/lib:${LD_LIBRARY_PATH} PYTHONPATH=/home/selqie/buoyancy/build/buoy_control/prefix_override:/usr/lib/python3/dist-packages/colcon_core/task/python/colcon_distutils_commands:/home/selqie/buoyancy/install/buoy_control/lib/python3.12/site-packages:/home/selqie/buoyancy/install/motor_interfaces/lib/python3.12/site-packages:${PYTHONPATH} /usr/bin/python3 -W ignore:setup.py install is deprecated -W ignore:easy_install command is deprecated setup.py egg_info --egg-base ../build/buoy_control build --build-base /home/selqie/buoyancy/build/buoy_control/build install --record /home/selqie/buoyancy/build/buoy_control/install.log --single-version-externally-managed install_data
