[2.024s] Invoking command in '/home/selqie/buoyancy/battery': PYTHONPATH=/home/selqie/buoyancy/build/battery/prefix_override:/usr/lib/python3/dist-packages/colcon_core/task/python/colcon_distutils_commands:/home/selqie/buoyancy/install/battery/lib/python3.12/site-packages:${PYTHONPATH} /usr/bin/python3 -W ignore:setup.py install is deprecated -W ignore:easy_install command is deprecated setup.py egg_info --egg-base ../build/battery build --build-base /home/selqie/buoyancy/build/battery/build install --record /home/selqie/buoyancy/build/battery/install.log --single-version-externally-managed install_data
[2.476s] running egg_info
[2.507s] writing ../build/battery/battery.egg-info/PKG-INFO
[2.509s] writing dependency_links to ../build/battery/battery.egg-info/dependency_links.txt
[2.510s] writing entry points to ../build/battery/battery.egg-info/entry_points.txt
[2.511s] writing requirements to ../build/battery/battery.egg-info/requires.txt
[2.511s] writing top-level names to ../build/battery/battery.egg-info/top_level.txt
[2.566s] reading manifest file '../build/battery/battery.egg-info/SOURCES.txt'
[2.567s] writing manifest file '../build/battery/battery.egg-info/SOURCES.txt'
[2.567s] running build
[2.568s] running build_py
[2.569s] running install
[2.580s] running install_lib
[2.609s] running install_data
[2.609s] running install_egg_info
[2.638s] removing '/home/selqie/buoyancy/install/battery/lib/python3.12/site-packages/battery-0.0.0-py3.12.egg-info' (and everything under it)
[2.640s] Copying ../build/battery/battery.egg-info to /home/selqie/buoyancy/install/battery/lib/python3.12/site-packages/battery-0.0.0-py3.12.egg-info
[2.640s] running install_scripts
[2.819s] Installing tinybms_voltage_uart script to /home/selqie/buoyancy/install/battery/lib/battery
[2.820s] writing list of installed files to '/home/selqie/buoyancy/build/battery/install.log'
[2.976s] Invoked command in '/home/selqie/buoyancy/battery' returned '0': PYTHONPATH=/home/selqie/buoyancy/build/battery/prefix_override:/usr/lib/python3/dist-packages/colcon_core/task/python/colcon_distutils_commands:/home/selqie/buoyancy/install/battery/lib/python3.12/site-packages:${PYTHONPATH} /usr/bin/python3 -W ignore:setup.py install is deprecated -W ignore:easy_install command is deprecated setup.py egg_info --egg-base ../build/battery build --build-base /home/selqie/buoyancy/build/battery/build install --record /home/selqie/buoyancy/build/battery/install.log --single-version-externally-managed install_data
