[3.175s] Invoking command in '/home/selqie/buoyancy/buoy_control': AMENT_PREFIX_PATH=/home/selqie/buoyancy/install/motor_interfaces:${AMENT_PREFIX_PATH} CMAKE_PREFIX_PATH=/home/selqie/buoyancy/install/motor_interfaces LD_LIBRARY_PATH=/home/selqie/buoyancy/install/motor_interfaces/lib:${LD_LIBRARY_PATH} PYTHONPATH=/home/selqie/buoyancy/build/buoy_control/prefix_override:/usr/lib/python3/dist-packages/colcon_core/task/python/colcon_distutils_commands:/home/selqie/buoyancy/install/buoy_control/lib/python3.12/site-packages:/home/selqie/buoyancy/install/motor_interfaces/lib/python3.12/site-packages:${PYTHONPATH} /usr/bin/python3 -W ignore:setup.py install is deprecated -W ignore:easy_install command is deprecated setup.py egg_info --egg-base ../build/buoy_control build --build-base /home/selqie/buoyancy/build/buoy_control/build install --record /home/selqie/buoyancy/build/buoy_control/install.log --single-version-externally-managed install_data
[3.790s] running egg_info
[3.839s] writing ../build/buoy_control/buoy_control.egg-info/PKG-INFO
[3.840s] writing dependency_links to ../build/buoy_control/buoy_control.egg-info/dependency_links.txt
[3.841s] writing entry points to ../build/buoy_control/buoy_control.egg-info/entry_points.txt
[3.841s] writing requirements to ../build/buoy_control/buoy_control.egg-info/requires.txt
[3.842s] writing top-level names to ../build/buoy_control/buoy_control.egg-info/top_level.txt
[3.945s] reading manifest file '../build/buoy_control/buoy_control.egg-info/SOURCES.txt'
[3.946s] adding license file 'LICENSE'
[3.948s] writing manifest file '../build/buoy_control/buoy_control.egg-info/SOURCES.txt'
[3.949s] running build
[3.949s] running build_py
[3.949s] copying buoy_control/backup_motor.py -> /home/selqie/buoyancy/build/buoy_control/build/lib/buoy_control
[3.950s] running install
[3.972s] running install_lib
[4.024s] copying /home/selqie/buoyancy/build/buoy_control/build/lib/buoy_control/backup_motor.py -> /home/selqie/buoyancy/install/buoy_control/lib/python3.12/site-packages/buoy_control
[4.025s] byte-compiling /home/selqie/buoyancy/install/buoy_control/lib/python3.12/site-packages/buoy_control/backup_motor.py to backup_motor.cpython-312.pyc
[4.028s] running install_data
[4.029s] copying launch/backup_motor.launch.py -> /home/selqie/buoyancy/install/buoy_control/share/buoy_control/launch
[4.029s] running install_egg_info
[4.084s] removing '/home/selqie/buoyancy/install/buoy_control/lib/python3.12/site-packages/buoy_control-0.0.0-py3.12.egg-info' (and everything under it)
[4.085s] Copying ../build/buoy_control/buoy_control.egg-info to /home/selqie/buoyancy/install/buoy_control/lib/python3.12/site-packages/buoy_control-0.0.0-py3.12.egg-info
[4.087s] running install_scripts
[4.311s] Installing backup_motor_node script to /home/selqie/buoyancy/install/buoy_control/lib/buoy_control
[4.311s] Installing button_control_node script to /home/selqie/buoyancy/install/buoy_control/lib/buoy_control
[4.313s] Installing timer_control_node script to /home/selqie/buoyancy/install/buoy_control/lib/buoy_control
[4.314s] Installing zero_motor_node script to /home/selqie/buoyancy/install/buoy_control/lib/buoy_control
[4.317s] writing list of installed files to '/home/selqie/buoyancy/build/buoy_control/install.log'
[4.418s] Invoked command in '/home/selqie/buoyancy/buoy_control' returned '0': AMENT_PREFIX_PATH=/home/selqie/buoyancy/install/motor_interfaces:${AMENT_PREFIX_PATH} CMAKE_PREFIX_PATH=/home/selqie/buoyancy/install/motor_interfaces LD_LIBRARY_PATH=/home/selqie/buoyancy/install/motor_interfaces/lib:${LD_LIBRARY_PATH} PYTHONPATH=/home/selqie/buoyancy/build/buoy_control/prefix_override:/usr/lib/python3/dist-packages/colcon_core/task/python/colcon_distutils_commands:/home/selqie/buoyancy/install/buoy_control/lib/python3.12/site-packages:/home/selqie/buoyancy/install/motor_interfaces/lib/python3.12/site-packages:${PYTHONPATH} /usr/bin/python3 -W ignore:setup.py install is deprecated -W ignore:easy_install command is deprecated setup.py egg_info --egg-base ../build/buoy_control build --build-base /home/selqie/buoyancy/build/buoy_control/build install --record /home/selqie/buoyancy/build/buoy_control/install.log --single-version-externally-managed install_data
