[1.646s] Invoking command in '/home/selqie/buoyancy/sensing/ms5837_bar_ros': PYTHONPATH=/home/selqie/buoyancy/build/ms5837_bar_ros/prefix_override:/usr/lib/python3/dist-packages/colcon_core/task/python/colcon_distutils_commands:/home/selqie/buoyancy/install/ms5837_bar_ros/lib/python3.12/site-packages:${PYTHONPATH} /usr/bin/python3 -W ignore:setup.py install is deprecated -W ignore:easy_install command is deprecated setup.py egg_info --egg-base ../../build/ms5837_bar_ros build --build-base /home/selqie/buoyancy/build/ms5837_bar_ros/build install --record /home/selqie/buoyancy/build/ms5837_bar_ros/install.log --single-version-externally-managed install_data
[2.205s] running egg_info
[2.252s] writing ../../build/ms5837_bar_ros/ms5837_bar_ros.egg-info/PKG-INFO
[2.252s] writing dependency_links to ../../build/ms5837_bar_ros/ms5837_bar_ros.egg-info/dependency_links.txt
[2.254s] writing entry points to ../../build/ms5837_bar_ros/ms5837_bar_ros.egg-info/entry_points.txt
[2.256s] writing requirements to ../../build/ms5837_bar_ros/ms5837_bar_ros.egg-info/requires.txt
[2.257s] writing top-level names to ../../build/ms5837_bar_ros/ms5837_bar_ros.egg-info/top_level.txt
[2.347s] reading manifest file '../../build/ms5837_bar_ros/ms5837_bar_ros.egg-info/SOURCES.txt'
[2.347s] adding license file 'LICENSE'
[2.348s] writing manifest file '../../build/ms5837_bar_ros/ms5837_bar_ros.egg-info/SOURCES.txt'
[2.349s] running build
[2.351s] running build_py
[2.351s] running install
[2.363s] running install_lib
[2.395s] running install_data
[2.395s] running install_egg_info
[2.425s] removing '/home/selqie/buoyancy/install/ms5837_bar_ros/lib/python3.12/site-packages/ms5837_bar_ros-0.0.0-py3.12.egg-info' (and everything under it)
[2.426s] Copying ../../build/ms5837_bar_ros/ms5837_bar_ros.egg-info to /home/selqie/buoyancy/install/ms5837_bar_ros/lib/python3.12/site-packages/ms5837_bar_ros-0.0.0-py3.12.egg-info
[2.427s] running install_scripts
[2.586s] Installing bar02_node script to /home/selqie/buoyancy/install/ms5837_bar_ros/lib/ms5837_bar_ros
[2.586s] Installing bar30_node script to /home/selqie/buoyancy/install/ms5837_bar_ros/lib/ms5837_bar_ros
[2.588s] writing list of installed files to '/home/selqie/buoyancy/build/ms5837_bar_ros/install.log'
[3.030s] Invoked command in '/home/selqie/buoyancy/sensing/ms5837_bar_ros' returned '0': PYTHONPATH=/home/selqie/buoyancy/build/ms5837_bar_ros/prefix_override:/usr/lib/python3/dist-packages/colcon_core/task/python/colcon_distutils_commands:/home/selqie/buoyancy/install/ms5837_bar_ros/lib/python3.12/site-packages:${PYTHONPATH} /usr/bin/python3 -W ignore:setup.py install is deprecated -W ignore:easy_install command is deprecated setup.py egg_info --egg-base ../../build/ms5837_bar_ros build --build-base /home/selqie/buoyancy/build/ms5837_bar_ros/build install --record /home/selqie/buoyancy/build/ms5837_bar_ros/install.log --single-version-externally-managed install_data
