[4.209s] Invoking command in '/home/selqie/buoyancy/sensors': PYTHONPATH=/home/selqie/buoyancy/build/sensors/prefix_override:/usr/lib/python3/dist-packages/colcon_core/task/python/colcon_distutils_commands:/home/selqie/buoyancy/install/sensors/lib/python3.12/site-packages:${PYTHONPATH} /usr/bin/python3 -W ignore:setup.py install is deprecated -W ignore:easy_install command is deprecated setup.py egg_info --egg-base ../build/sensors build --build-base /home/selqie/buoyancy/build/sensors/build install --record /home/selqie/buoyancy/build/sensors/install.log --single-version-externally-managed install_data
[5.547s] running egg_info
[5.650s] writing ../build/sensors/sensors.egg-info/PKG-INFO
[5.654s] writing dependency_links to ../build/sensors/sensors.egg-info/dependency_links.txt
[5.656s] writing entry points to ../build/sensors/sensors.egg-info/entry_points.txt
[5.657s] writing requirements to ../build/sensors/sensors.egg-info/requires.txt
[5.664s] writing top-level names to ../build/sensors/sensors.egg-info/top_level.txt
[5.889s] reading manifest file '../build/sensors/sensors.egg-info/SOURCES.txt'
[5.899s] writing manifest file '../build/sensors/sensors.egg-info/SOURCES.txt'
[5.906s] running build
[5.907s] running build_py
[5.908s] running install
[5.950s] running install_lib
[6.017s] running install_data
[6.024s] running install_egg_info
[6.176s] removing '/home/selqie/buoyancy/install/sensors/lib/python3.12/site-packages/sensors-0.1.0-py3.12.egg-info' (and everything under it)
[6.180s] Copying ../build/sensors/sensors.egg-info to /home/selqie/buoyancy/install/sensors/lib/python3.12/site-packages/sensors-0.1.0-py3.12.egg-info
[6.187s] running install_scripts
[6.935s] Installing curtor_sensor_node script to /home/selqie/buoyancy/install/sensors/lib/sensors
[6.936s] Installing leak_sensor_node script to /home/selqie/buoyancy/install/sensors/lib/sensors
[6.938s] writing list of installed files to '/home/selqie/buoyancy/build/sensors/install.log'
[7.107s] Invoked command in '/home/selqie/buoyancy/sensors' returned '0': PYTHONPATH=/home/selqie/buoyancy/build/sensors/prefix_override:/usr/lib/python3/dist-packages/colcon_core/task/python/colcon_distutils_commands:/home/selqie/buoyancy/install/sensors/lib/python3.12/site-packages:${PYTHONPATH} /usr/bin/python3 -W ignore:setup.py install is deprecated -W ignore:easy_install command is deprecated setup.py egg_info --egg-base ../build/sensors build --build-base /home/selqie/buoyancy/build/sensors/build install --record /home/selqie/buoyancy/build/sensors/install.log --single-version-externally-managed install_data
