[2.016s] Invoking command in '/home/selqie/buoyancy/led': PYTHONPATH=/home/selqie/buoyancy/build/led/prefix_override:/usr/lib/python3/dist-packages/colcon_core/task/python/colcon_distutils_commands:/home/selqie/buoyancy/install/led/lib/python3.12/site-packages:${PYTHONPATH} /usr/bin/python3 -W ignore:setup.py install is deprecated -W ignore:easy_install command is deprecated setup.py egg_info --egg-base ../build/led build --build-base /home/selqie/buoyancy/build/led/build install --record /home/selqie/buoyancy/build/led/install.log --single-version-externally-managed install_data
[2.462s] running egg_info
[2.490s] writing ../build/led/led.egg-info/PKG-INFO
[2.491s] writing dependency_links to ../build/led/led.egg-info/dependency_links.txt
[2.495s] writing entry points to ../build/led/led.egg-info/entry_points.txt
[2.496s] writing requirements to ../build/led/led.egg-info/requires.txt
[2.496s] writing top-level names to ../build/led/led.egg-info/top_level.txt
[2.549s] reading manifest file '../build/led/led.egg-info/SOURCES.txt'
[2.551s] writing manifest file '../build/led/led.egg-info/SOURCES.txt'
[2.552s] running build
[2.552s] running build_py
[2.553s] running install
[2.564s] running install_lib
[2.594s] running install_data
[2.597s] running install_egg_info
[2.624s] removing '/home/selqie/buoyancy/install/led/lib/python3.12/site-packages/led-0.0.4-py3.12.egg-info' (and everything under it)
[2.624s] Copying ../build/led/led.egg-info to /home/selqie/buoyancy/install/led/lib/python3.12/site-packages/led-0.0.4-py3.12.egg-info
[2.626s] running install_scripts
[2.809s] Installing led_node script to /home/selqie/buoyancy/install/led/lib/led
[2.809s] Installing led_tester script to /home/selqie/buoyancy/install/led/lib/led
[2.810s] Installing rainbow_fade script to /home/selqie/buoyancy/install/led/lib/led
[2.813s] Installing ws2812b-set script to /home/selqie/buoyancy/install/led/lib/led
[2.814s] writing list of installed files to '/home/selqie/buoyancy/build/led/install.log'
[2.970s] Invoked command in '/home/selqie/buoyancy/led' returned '0': PYTHONPATH=/home/selqie/buoyancy/build/led/prefix_override:/usr/lib/python3/dist-packages/colcon_core/task/python/colcon_distutils_commands:/home/selqie/buoyancy/install/led/lib/python3.12/site-packages:${PYTHONPATH} /usr/bin/python3 -W ignore:setup.py install is deprecated -W ignore:easy_install command is deprecated setup.py egg_info --egg-base ../build/led build --build-base /home/selqie/buoyancy/build/led/build install --record /home/selqie/buoyancy/build/led/install.log --single-version-externally-managed install_data
