[3.240s] Invoking command in '/home/selqie/buoyancy/sensors': PYTHONPATH=/home/selqie/buoyancy/build/sensors/prefix_override:/usr/lib/python3/dist-packages/colcon_core/task/python/colcon_distutils_commands:/home/selqie/buoyancy/install/sensors/lib/python3.12/site-packages:${PYTHONPATH} /usr/bin/python3 -W ignore:setup.py install is deprecated -W ignore:easy_install command is deprecated setup.py egg_info --egg-base ../build/sensors build --build-base /home/selqie/buoyancy/build/sensors/build install --record /home/selqie/buoyancy/build/sensors/install.log --single-version-externally-managed install_data
[4.044s] running egg_info
[4.096s] writing ../build/sensors/sensors.egg-info/PKG-INFO
[4.096s] writing dependency_links to ../build/sensors/sensors.egg-info/dependency_links.txt
[4.097s] writing entry points to ../build/sensors/sensors.egg-info/entry_points.txt
[4.097s] writing requirements to ../build/sensors/sensors.egg-info/requires.txt
[4.098s] writing top-level names to ../build/sensors/sensors.egg-info/top_level.txt
[4.211s] reading manifest file '../build/sensors/sensors.egg-info/SOURCES.txt'
[4.215s] writing manifest file '../build/sensors/sensors.egg-info/SOURCES.txt'
[4.217s] running build
[4.217s] running build_py
[4.218s] running install
[4.242s] running install_lib
[4.300s] running install_data
[4.301s] running install_egg_info
[4.359s] removing '/home/selqie/buoyancy/install/sensors/lib/python3.12/site-packages/sensors-0.1.0-py3.12.egg-info' (and everything under it)
[4.364s] Copying ../build/sensors/sensors.egg-info to /home/selqie/buoyancy/install/sensors/lib/python3.12/site-packages/sensors-0.1.0-py3.12.egg-info
[4.364s] running install_scripts
[4.751s] Installing curtor_sensor_node script to /home/selqie/buoyancy/install/sensors/lib/sensors
[4.754s] Installing leak_sensor_node script to /home/selqie/buoyancy/install/sensors/lib/sensors
[4.754s] writing list of installed files to '/home/selqie/buoyancy/build/sensors/install.log'
[4.906s] Invoked command in '/home/selqie/buoyancy/sensors' returned '0': PYTHONPATH=/home/selqie/buoyancy/build/sensors/prefix_override:/usr/lib/python3/dist-packages/colcon_core/task/python/colcon_distutils_commands:/home/selqie/buoyancy/install/sensors/lib/python3.12/site-packages:${PYTHONPATH} /usr/bin/python3 -W ignore:setup.py install is deprecated -W ignore:easy_install command is deprecated setup.py egg_info --egg-base ../build/sensors build --build-base /home/selqie/buoyancy/build/sensors/build install --record /home/selqie/buoyancy/build/sensors/install.log --single-version-externally-managed install_data
