[4.992s] Invoking command in '/home/selqie/buoyancy/buoy_control': AMENT_PREFIX_PATH=/home/selqie/buoyancy/install/motor_interfaces:${AMENT_PREFIX_PATH} CMAKE_PREFIX_PATH=/home/selqie/buoyancy/install/motor_interfaces LD_LIBRARY_PATH=/home/selqie/buoyancy/install/motor_interfaces/lib:${LD_LIBRARY_PATH} PYTHONPATH=/home/selqie/buoyancy/build/buoy_control/prefix_override:/usr/lib/python3/dist-packages/colcon_core/task/python/colcon_distutils_commands:/home/selqie/buoyancy/install/buoy_control/lib/python3.12/site-packages:/home/selqie/buoyancy/install/motor_interfaces/lib/python3.12/site-packages:${PYTHONPATH} /usr/bin/python3 -W ignore:setup.py install is deprecated -W ignore:easy_install command is deprecated setup.py egg_info --egg-base ../build/buoy_control build --build-base /home/selqie/buoyancy/build/buoy_control/build install --record /home/selqie/buoyancy/build/buoy_control/install.log --single-version-externally-managed install_data
[5.877s] running egg_info
[5.932s] writing ../build/buoy_control/buoy_control.egg-info/PKG-INFO
[5.932s] writing dependency_links to ../build/buoy_control/buoy_control.egg-info/dependency_links.txt
[5.934s] writing entry points to ../build/buoy_control/buoy_control.egg-info/entry_points.txt
[5.936s] writing requirements to ../build/buoy_control/buoy_control.egg-info/requires.txt
[5.937s] writing top-level names to ../build/buoy_control/buoy_control.egg-info/top_level.txt
[6.054s] reading manifest file '../build/buoy_control/buoy_control.egg-info/SOURCES.txt'
[6.055s] adding license file 'LICENSE'
[6.057s] writing manifest file '../build/buoy_control/buoy_control.egg-info/SOURCES.txt'
[6.058s] running build
[6.058s] running build_py
[6.059s] copying buoy_control/backup_motor.py -> /home/selqie/buoyancy/build/buoy_control/build/lib/buoy_control
[6.060s] running install
[6.088s] running install_lib
[6.152s] copying /home/selqie/buoyancy/build/buoy_control/build/lib/buoy_control/backup_motor.py -> /home/selqie/buoyancy/install/buoy_control/lib/python3.12/site-packages/buoy_control
[6.154s] byte-compiling /home/selqie/buoyancy/install/buoy_control/lib/python3.12/site-packages/buoy_control/backup_motor.py to backup_motor.cpython-312.pyc
[6.158s] running install_data
[6.158s] copying launch/backup_motor.launch.py -> /home/selqie/buoyancy/install/buoy_control/share/buoy_control/launch
[6.159s] running install_egg_info
[6.225s] removing '/home/selqie/buoyancy/install/buoy_control/lib/python3.12/site-packages/buoy_control-0.0.0-py3.12.egg-info' (and everything under it)
[6.225s] Copying ../build/buoy_control/buoy_control.egg-info to /home/selqie/buoyancy/install/buoy_control/lib/python3.12/site-packages/buoy_control-0.0.0-py3.12.egg-info
[6.228s] running install_scripts
[6.487s] Installing backup_motor_node script to /home/selqie/buoyancy/install/buoy_control/lib/buoy_control
[6.487s] Installing button_control_node script to /home/selqie/buoyancy/install/buoy_control/lib/buoy_control
[6.489s] Installing timer_control_node script to /home/selqie/buoyancy/install/buoy_control/lib/buoy_control
[6.490s] Installing zero_motor_node script to /home/selqie/buoyancy/install/buoy_control/lib/buoy_control
[6.492s] writing list of installed files to '/home/selqie/buoyancy/build/buoy_control/install.log'
[6.633s] Invoked command in '/home/selqie/buoyancy/buoy_control' returned '0': AMENT_PREFIX_PATH=/home/selqie/buoyancy/install/motor_interfaces:${AMENT_PREFIX_PATH} CMAKE_PREFIX_PATH=/home/selqie/buoyancy/install/motor_interfaces LD_LIBRARY_PATH=/home/selqie/buoyancy/install/motor_interfaces/lib:${LD_LIBRARY_PATH} PYTHONPATH=/home/selqie/buoyancy/build/buoy_control/prefix_override:/usr/lib/python3/dist-packages/colcon_core/task/python/colcon_distutils_commands:/home/selqie/buoyancy/install/buoy_control/lib/python3.12/site-packages:/home/selqie/buoyancy/install/motor_interfaces/lib/python3.12/site-packages:${PYTHONPATH} /usr/bin/python3 -W ignore:setup.py install is deprecated -W ignore:easy_install command is deprecated setup.py egg_info --egg-base ../build/buoy_control build --build-base /home/selqie/buoyancy/build/buoy_control/build install --record /home/selqie/buoyancy/build/buoy_control/install.log --single-version-externally-managed install_data
