[2.335s] Invoking command in '/home/selqie/buoyancy/sensors': PYTHONPATH=/home/selqie/buoyancy/build/sensors/prefix_override:/usr/lib/python3/dist-packages/colcon_core/task/python/colcon_distutils_commands:/home/selqie/buoyancy/install/sensors/lib/python3.12/site-packages:${PYTHONPATH} /usr/bin/python3 -W ignore:setup.py install is deprecated -W ignore:easy_install command is deprecated setup.py egg_info --egg-base ../build/sensors build --build-base /home/selqie/buoyancy/build/sensors/build install --record /home/selqie/buoyancy/build/sensors/install.log --single-version-externally-managed install_data
[2.912s] running egg_info
[2.935s] writing ../build/sensors/sensors.egg-info/PKG-INFO
[2.936s] writing dependency_links to ../build/sensors/sensors.egg-info/dependency_links.txt
[2.937s] writing entry points to ../build/sensors/sensors.egg-info/entry_points.txt
[2.939s] writing requirements to ../build/sensors/sensors.egg-info/requires.txt
[2.940s] writing top-level names to ../build/sensors/sensors.egg-info/top_level.txt
[2.999s] reading manifest file '../build/sensors/sensors.egg-info/SOURCES.txt'
[3.001s] writing manifest file '../build/sensors/sensors.egg-info/SOURCES.txt'
[3.003s] running build
[3.003s] running build_py
[3.004s] running install
[3.028s] running install_lib
[3.080s] running install_data
[3.081s] running install_egg_info
[3.118s] removing '/home/selqie/buoyancy/install/sensors/lib/python3.12/site-packages/sensors-0.1.0-py3.12.egg-info' (and everything under it)
[3.118s] Copying ../build/sensors/sensors.egg-info to /home/selqie/buoyancy/install/sensors/lib/python3.12/site-packages/sensors-0.1.0-py3.12.egg-info
[3.123s] running install_scripts
[3.356s] Installing curtor_sensor_node script to /home/selqie/buoyancy/install/sensors/lib/sensors
[3.357s] Installing leak_sensor_node script to /home/selqie/buoyancy/install/sensors/lib/sensors
[3.357s] writing list of installed files to '/home/selqie/buoyancy/build/sensors/install.log'
[3.570s] Invoked command in '/home/selqie/buoyancy/sensors' returned '0': PYTHONPATH=/home/selqie/buoyancy/build/sensors/prefix_override:/usr/lib/python3/dist-packages/colcon_core/task/python/colcon_distutils_commands:/home/selqie/buoyancy/install/sensors/lib/python3.12/site-packages:${PYTHONPATH} /usr/bin/python3 -W ignore:setup.py install is deprecated -W ignore:easy_install command is deprecated setup.py egg_info --egg-base ../build/sensors build --build-base /home/selqie/buoyancy/build/sensors/build install --record /home/selqie/buoyancy/build/sensors/install.log --single-version-externally-managed install_data
