[3.325s] Invoking command in '/home/selqie/buoyancy/led': PYTHONPATH=/home/selqie/buoyancy/build/led/prefix_override:/usr/lib/python3/dist-packages/colcon_core/task/python/colcon_distutils_commands:/home/selqie/buoyancy/install/led/lib/python3.12/site-packages:${PYTHONPATH} /usr/bin/python3 -W ignore:setup.py install is deprecated -W ignore:easy_install command is deprecated setup.py egg_info --egg-base ../build/led build --build-base /home/selqie/buoyancy/build/led/build install --record /home/selqie/buoyancy/build/led/install.log --single-version-externally-managed install_data
[4.178s] running egg_info
[4.229s] writing ../build/led/led.egg-info/PKG-INFO
[4.231s] writing dependency_links to ../build/led/led.egg-info/dependency_links.txt
[4.233s] writing entry points to ../build/led/led.egg-info/entry_points.txt
[4.234s] writing requirements to ../build/led/led.egg-info/requires.txt
[4.239s] writing top-level names to ../build/led/led.egg-info/top_level.txt
[4.352s] reading manifest file '../build/led/led.egg-info/SOURCES.txt'
[4.355s] writing manifest file '../build/led/led.egg-info/SOURCES.txt'
[4.359s] running build
[4.359s] running build_py
[4.360s] running install
[4.383s] running install_lib
[4.446s] running install_data
[4.446s] copying launch/led_node.launch.py -> /home/selqie/buoyancy/install/led/share/led/launch
[4.446s] running install_egg_info
[4.502s] removing '/home/selqie/buoyancy/install/led/lib/python3.12/site-packages/led-0.0.0-py3.12.egg-info' (and everything under it)
[4.503s] Copying ../build/led/led.egg-info to /home/selqie/buoyancy/install/led/lib/python3.12/site-packages/led-0.0.0-py3.12.egg-info
[4.506s] running install_scripts
[4.873s] Installing led_node script to /home/selqie/buoyancy/install/led/lib/led
[4.874s] Installing timer_node script to /home/selqie/buoyancy/install/led/lib/led
[4.875s] writing list of installed files to '/home/selqie/buoyancy/build/led/install.log'
[5.070s] Invoked command in '/home/selqie/buoyancy/led' returned '0': PYTHONPATH=/home/selqie/buoyancy/build/led/prefix_override:/usr/lib/python3/dist-packages/colcon_core/task/python/colcon_distutils_commands:/home/selqie/buoyancy/install/led/lib/python3.12/site-packages:${PYTHONPATH} /usr/bin/python3 -W ignore:setup.py install is deprecated -W ignore:easy_install command is deprecated setup.py egg_info --egg-base ../build/led build --build-base /home/selqie/buoyancy/build/led/build install --record /home/selqie/buoyancy/build/led/install.log --single-version-externally-managed install_data
