running egg_info
creating ../build/sensors/sensors.egg-info
writing ../build/sensors/sensors.egg-info/PKG-INFO
writing dependency_links to ../build/sensors/sensors.egg-info/dependency_links.txt
writing entry points to ../build/sensors/sensors.egg-info/entry_points.txt
writing requirements to ../build/sensors/sensors.egg-info/requires.txt
writing top-level names to ../build/sensors/sensors.egg-info/top_level.txt
writing manifest file '../build/sensors/sensors.egg-info/SOURCES.txt'
reading manifest file '../build/sensors/sensors.egg-info/SOURCES.txt'
writing manifest file '../build/sensors/sensors.egg-info/SOURCES.txt'
running build
running build_py
creating /home/selqie/buoyancy/build/sensors/build
creating /home/selqie/buoyancy/build/sensors/build/lib
creating /home/selqie/buoyancy/build/sensors/build/lib/sensors
copying sensors/leak_sensor_node.py -> /home/selqie/buoyancy/build/sensors/build/lib/sensors
copying sensors/curtor_sensor_node.py -> /home/selqie/buoyancy/build/sensors/build/lib/sensors
copying sensors/__init__.py -> /home/selqie/buoyancy/build/sensors/build/lib/sensors
running install
running install_lib
creating /home/selqie/buoyancy/install/sensors/lib/python3.12/site-packages/sensors
copying /home/selqie/buoyancy/build/sensors/build/lib/sensors/leak_sensor_node.py -> /home/selqie/buoyancy/install/sensors/lib/python3.12/site-packages/sensors
copying /home/selqie/buoyancy/build/sensors/build/lib/sensors/curtor_sensor_node.py -> /home/selqie/buoyancy/install/sensors/lib/python3.12/site-packages/sensors
copying /home/selqie/buoyancy/build/sensors/build/lib/sensors/__init__.py -> /home/selqie/buoyancy/install/sensors/lib/python3.12/site-packages/sensors
byte-compiling /home/selqie/buoyancy/install/sensors/lib/python3.12/site-packages/sensors/leak_sensor_node.py to leak_sensor_node.cpython-312.pyc
byte-compiling /home/selqie/buoyancy/install/sensors/lib/python3.12/site-packages/sensors/curtor_sensor_node.py to curtor_sensor_node.cpython-312.pyc
byte-compiling /home/selqie/buoyancy/install/sensors/lib/python3.12/site-packages/sensors/__init__.py to __init__.cpython-312.pyc
running install_data
creating /home/selqie/buoyancy/install/sensors/share/ament_index
creating /home/selqie/buoyancy/install/sensors/share/ament_index/resource_index
creating /home/selqie/buoyancy/install/sensors/share/ament_index/resource_index/packages
copying resource/sensors -> /home/selqie/buoyancy/install/sensors/share/ament_index/resource_index/packages
copying package.xml -> /home/selqie/buoyancy/install/sensors/share/sensors
creating /home/selqie/buoyancy/install/sensors/share/sensors/launch
copying launch/leak_sensor.launch.py -> /home/selqie/buoyancy/install/sensors/share/sensors/launch
running install_egg_info
Copying ../build/sensors/sensors.egg-info to /home/selqie/buoyancy/install/sensors/lib/python3.12/site-packages/sensors-0.1.0-py3.12.egg-info
running install_scripts
Installing curtor_sensor_node script to /home/selqie/buoyancy/install/sensors/lib/sensors
Installing leak_sensor_node script to /home/selqie/buoyancy/install/sensors/lib/sensors
writing list of installed files to '/home/selqie/buoyancy/build/sensors/install.log'
