[2.320s] Invoking command in '/home/selqie/buoyancy/sensors': PYTHONPATH=/home/selqie/buoyancy/build/sensors/prefix_override:/usr/lib/python3/dist-packages/colcon_core/task/python/colcon_distutils_commands:/home/selqie/buoyancy/install/sensors/lib/python3.12/site-packages:${PYTHONPATH} /usr/bin/python3 -W ignore:setup.py install is deprecated -W ignore:easy_install command is deprecated setup.py egg_info --egg-base ../build/sensors build --build-base /home/selqie/buoyancy/build/sensors/build install --record /home/selqie/buoyancy/build/sensors/install.log --single-version-externally-managed install_data
[3.036s] running egg_info
[3.087s] writing ../build/sensors/sensors.egg-info/PKG-INFO
[3.088s] writing dependency_links to ../build/sensors/sensors.egg-info/dependency_links.txt
[3.089s] writing entry points to ../build/sensors/sensors.egg-info/entry_points.txt
[3.090s] writing requirements to ../build/sensors/sensors.egg-info/requires.txt
[3.092s] writing top-level names to ../build/sensors/sensors.egg-info/top_level.txt
[3.214s] reading manifest file '../build/sensors/sensors.egg-info/SOURCES.txt'
[3.215s] writing manifest file '../build/sensors/sensors.egg-info/SOURCES.txt'
[3.216s] running build
[3.217s] running build_py
[3.218s] copying sensors/leak_sensor_node.py -> /home/selqie/buoyancy/build/sensors/build/lib/sensors
[3.220s] running install
[3.246s] running install_lib
[3.300s] copying /home/selqie/buoyancy/build/sensors/build/lib/sensors/leak_sensor_node.py -> /home/selqie/buoyancy/install/sensors/lib/python3.12/site-packages/sensors
[3.303s] byte-compiling /home/selqie/buoyancy/install/sensors/lib/python3.12/site-packages/sensors/leak_sensor_node.py to leak_sensor_node.cpython-312.pyc
[3.306s] running install_data
[3.310s] running install_egg_info
[3.363s] removing '/home/selqie/buoyancy/install/sensors/lib/python3.12/site-packages/sensors-0.1.0-py3.12.egg-info' (and everything under it)
[3.368s] Copying ../build/sensors/sensors.egg-info to /home/selqie/buoyancy/install/sensors/lib/python3.12/site-packages/sensors-0.1.0-py3.12.egg-info
[3.369s] running install_scripts
[3.732s] Installing curtor_sensor_node script to /home/selqie/buoyancy/install/sensors/lib/sensors
[3.734s] Installing leak_sensor_node script to /home/selqie/buoyancy/install/sensors/lib/sensors
[3.737s] writing list of installed files to '/home/selqie/buoyancy/build/sensors/install.log'
[3.909s] Invoked command in '/home/selqie/buoyancy/sensors' returned '0': PYTHONPATH=/home/selqie/buoyancy/build/sensors/prefix_override:/usr/lib/python3/dist-packages/colcon_core/task/python/colcon_distutils_commands:/home/selqie/buoyancy/install/sensors/lib/python3.12/site-packages:${PYTHONPATH} /usr/bin/python3 -W ignore:setup.py install is deprecated -W ignore:easy_install command is deprecated setup.py egg_info --egg-base ../build/sensors build --build-base /home/selqie/buoyancy/build/sensors/build install --record /home/selqie/buoyancy/build/sensors/install.log --single-version-externally-managed install_data
