[4.023s] Invoking command in '/home/selqie/buoyancy/sensors': PYTHONPATH=/home/selqie/buoyancy/build/sensors/prefix_override:/usr/lib/python3/dist-packages/colcon_core/task/python/colcon_distutils_commands:/home/selqie/buoyancy/install/sensors/lib/python3.12/site-packages:${PYTHONPATH} /usr/bin/python3 -W ignore:setup.py install is deprecated -W ignore:easy_install command is deprecated setup.py egg_info --egg-base ../build/sensors build --build-base /home/selqie/buoyancy/build/sensors/build install --record /home/selqie/buoyancy/build/sensors/install.log --single-version-externally-managed install_data
[5.118s] running egg_info
[5.194s] writing ../build/sensors/sensors.egg-info/PKG-INFO
[5.195s] writing dependency_links to ../build/sensors/sensors.egg-info/dependency_links.txt
[5.199s] writing entry points to ../build/sensors/sensors.egg-info/entry_points.txt
[5.202s] writing requirements to ../build/sensors/sensors.egg-info/requires.txt
[5.202s] writing top-level names to ../build/sensors/sensors.egg-info/top_level.txt
[5.323s] reading manifest file '../build/sensors/sensors.egg-info/SOURCES.txt'
[5.324s] writing manifest file '../build/sensors/sensors.egg-info/SOURCES.txt'
[5.324s] running build
[5.325s] running build_py
[5.325s] copying sensors/leak_sensor_node.py -> /home/selqie/buoyancy/build/sensors/build/lib/sensors
[5.325s] running install
[5.347s] running install_lib
[5.402s] copying /home/selqie/buoyancy/build/sensors/build/lib/sensors/leak_sensor_node.py -> /home/selqie/buoyancy/install/sensors/lib/python3.12/site-packages/sensors
[5.404s] byte-compiling /home/selqie/buoyancy/install/sensors/lib/python3.12/site-packages/sensors/leak_sensor_node.py to leak_sensor_node.cpython-312.pyc
[5.407s] running install_data
[5.409s] running install_egg_info
[5.467s] removing '/home/selqie/buoyancy/install/sensors/lib/python3.12/site-packages/sensors-0.1.0-py3.12.egg-info' (and everything under it)
[5.468s] Copying ../build/sensors/sensors.egg-info to /home/selqie/buoyancy/install/sensors/lib/python3.12/site-packages/sensors-0.1.0-py3.12.egg-info
[5.471s] running install_scripts
[5.923s] Installing curtor_sensor_node script to /home/selqie/buoyancy/install/sensors/lib/sensors
[5.923s] Installing leak_sensor_node script to /home/selqie/buoyancy/install/sensors/lib/sensors
[5.924s] writing list of installed files to '/home/selqie/buoyancy/build/sensors/install.log'
