[3.226s] Invoking command in '/home/selqie/buoyancy/led': PYTHONPATH=/home/selqie/buoyancy/build/led/prefix_override:/usr/lib/python3/dist-packages/colcon_core/task/python/colcon_distutils_commands:/home/selqie/buoyancy/install/led/lib/python3.12/site-packages:${PYTHONPATH} /usr/bin/python3 -W ignore:setup.py install is deprecated -W ignore:easy_install command is deprecated setup.py egg_info --egg-base ../build/led build --build-base /home/selqie/buoyancy/build/led/build install --record /home/selqie/buoyancy/build/led/install.log --single-version-externally-managed install_data
[4.037s] running egg_info
[4.085s] writing ../build/led/led.egg-info/PKG-INFO
[4.086s] writing dependency_links to ../build/led/led.egg-info/dependency_links.txt
[4.087s] writing entry points to ../build/led/led.egg-info/entry_points.txt
[4.088s] writing requirements to ../build/led/led.egg-info/requires.txt
[4.089s] writing top-level names to ../build/led/led.egg-info/top_level.txt
[4.141s] reading manifest file '../build/led/led.egg-info/SOURCES.txt'
[4.144s] writing manifest file '../build/led/led.egg-info/SOURCES.txt'
[4.145s] running build
[4.148s] running install
[4.174s] running install_data
[4.174s] copying launch/led_node.launch.py -> /home/selqie/buoyancy/install/led/share/led/launch
[4.175s] running install_egg_info
[4.289s] removing '/home/selqie/buoyancy/install/led/lib/python3.12/site-packages/led-0.0.4-py3.12.egg-info' (and everything under it)
[4.292s] Copying ../build/led/led.egg-info to /home/selqie/buoyancy/install/led/lib/python3.12/site-packages/led-0.0.4-py3.12.egg-info
[4.292s] running install_scripts
[4.649s] Installing led_node script to /home/selqie/buoyancy/install/led/lib/led
[4.650s] Installing timer_node script to /home/selqie/buoyancy/install/led/lib/led
[4.651s] writing list of installed files to '/home/selqie/buoyancy/build/led/install.log'
[4.802s] Invoked command in '/home/selqie/buoyancy/led' returned '0': PYTHONPATH=/home/selqie/buoyancy/build/led/prefix_override:/usr/lib/python3/dist-packages/colcon_core/task/python/colcon_distutils_commands:/home/selqie/buoyancy/install/led/lib/python3.12/site-packages:${PYTHONPATH} /usr/bin/python3 -W ignore:setup.py install is deprecated -W ignore:easy_install command is deprecated setup.py egg_info --egg-base ../build/led build --build-base /home/selqie/buoyancy/build/led/build install --record /home/selqie/buoyancy/build/led/install.log --single-version-externally-managed install_data
