running egg_info
writing ../build/sensors/sensors.egg-info/PKG-INFO
writing dependency_links to ../build/sensors/sensors.egg-info/dependency_links.txt
writing entry points to ../build/sensors/sensors.egg-info/entry_points.txt
writing requirements to ../build/sensors/sensors.egg-info/requires.txt
writing top-level names to ../build/sensors/sensors.egg-info/top_level.txt
reading manifest file '../build/sensors/sensors.egg-info/SOURCES.txt'
writing manifest file '../build/sensors/sensors.egg-info/SOURCES.txt'
running build
running build_py
running install
running install_lib
running install_data
running install_egg_info
removing '/home/selqie/buoyancy/install/sensors/lib/python3.12/site-packages/sensors-0.1.0-py3.12.egg-info' (and everything under it)
Copying ../build/sensors/sensors.egg-info to /home/selqie/buoyancy/install/sensors/lib/python3.12/site-packages/sensors-0.1.0-py3.12.egg-info
running install_scripts
Installing curtor_sensor_node script to /home/selqie/buoyancy/install/sensors/lib/sensors
Installing leak_sensor_node script to /home/selqie/buoyancy/install/sensors/lib/sensors
writing list of installed files to '/home/selqie/buoyancy/build/sensors/install.log'
