[3.199s] Invoking command in '/home/selqie/buoyancy/led': PYTHONPATH=/home/selqie/buoyancy/build/led/prefix_override:/usr/lib/python3/dist-packages/colcon_core/task/python/colcon_distutils_commands:/home/selqie/buoyancy/install/led/lib/python3.12/site-packages:${PYTHONPATH} /usr/bin/python3 -W ignore:setup.py install is deprecated -W ignore:easy_install command is deprecated setup.py egg_info --egg-base ../build/led build --build-base /home/selqie/buoyancy/build/led/build install --record /home/selqie/buoyancy/build/led/install.log --single-version-externally-managed install_data
[4.007s] running egg_info
[4.058s] writing ../build/led/led.egg-info/PKG-INFO
[4.058s] writing dependency_links to ../build/led/led.egg-info/dependency_links.txt
[4.060s] writing entry points to ../build/led/led.egg-info/entry_points.txt
[4.061s] writing requirements to ../build/led/led.egg-info/requires.txt
[4.062s] writing top-level names to ../build/led/led.egg-info/top_level.txt
[4.175s] reading manifest file '../build/led/led.egg-info/SOURCES.txt'
[4.176s] writing manifest file '../build/led/led.egg-info/SOURCES.txt'
[4.177s] running build
[4.181s] running build_py
[4.182s] running install
[4.203s] running install_lib
[4.257s] running install_data
[4.258s] running install_egg_info
[4.313s] removing '/home/selqie/buoyancy/install/led/lib/python3.12/site-packages/led-0.0.4-py3.12.egg-info' (and everything under it)
[4.315s] Copying ../build/led/led.egg-info to /home/selqie/buoyancy/install/led/lib/python3.12/site-packages/led-0.0.4-py3.12.egg-info
[4.316s] running install_scripts
[4.696s] Installing led_node script to /home/selqie/buoyancy/install/led/lib/led
[4.697s] Installing led_tester script to /home/selqie/buoyancy/install/led/lib/led
[4.699s] Installing rainbow_fade script to /home/selqie/buoyancy/install/led/lib/led
[4.699s] Installing ws2812b-set script to /home/selqie/buoyancy/install/led/lib/led
[4.702s] writing list of installed files to '/home/selqie/buoyancy/build/led/install.log'
[4.891s] Invoked command in '/home/selqie/buoyancy/led' returned '0': PYTHONPATH=/home/selqie/buoyancy/build/led/prefix_override:/usr/lib/python3/dist-packages/colcon_core/task/python/colcon_distutils_commands:/home/selqie/buoyancy/install/led/lib/python3.12/site-packages:${PYTHONPATH} /usr/bin/python3 -W ignore:setup.py install is deprecated -W ignore:easy_install command is deprecated setup.py egg_info --egg-base ../build/led build --build-base /home/selqie/buoyancy/build/led/build install --record /home/selqie/buoyancy/build/led/install.log --single-version-externally-managed install_data
