[2.272s] Invoking command in '/home/selqie/buoyancy/water_sensors': PYTHONPATH=/home/selqie/buoyancy/build/water_sensors/prefix_override:/usr/lib/python3/dist-packages/colcon_core/task/python/colcon_distutils_commands:/home/selqie/buoyancy/install/water_sensors/lib/python3.12/site-packages:${PYTHONPATH} /usr/bin/python3 -W ignore:setup.py install is deprecated -W ignore:easy_install command is deprecated setup.py egg_info --egg-base ../build/water_sensors build --build-base /home/selqie/buoyancy/build/water_sensors/build install --record /home/selqie/buoyancy/build/water_sensors/install.log --single-version-externally-managed install_data
[2.686s] running egg_info
[2.717s] writing ../build/water_sensors/water_sensors.egg-info/PKG-INFO
[2.717s] writing dependency_links to ../build/water_sensors/water_sensors.egg-info/dependency_links.txt
[2.719s] writing entry points to ../build/water_sensors/water_sensors.egg-info/entry_points.txt
[2.720s] writing requirements to ../build/water_sensors/water_sensors.egg-info/requires.txt
[2.722s] writing top-level names to ../build/water_sensors/water_sensors.egg-info/top_level.txt
[2.774s] reading manifest file '../build/water_sensors/water_sensors.egg-info/SOURCES.txt'
[2.775s] writing manifest file '../build/water_sensors/water_sensors.egg-info/SOURCES.txt'
[2.775s] running build
[2.777s] running build_py
[2.777s] running install
[2.787s] running install_lib
[2.814s] running install_data
[2.814s] running install_egg_info
[2.843s] removing '/home/selqie/buoyancy/install/water_sensors/lib/python3.12/site-packages/water_sensors-0.1.0-py3.12.egg-info' (and everything under it)
[2.845s] Copying ../build/water_sensors/water_sensors.egg-info to /home/selqie/buoyancy/install/water_sensors/lib/python3.12/site-packages/water_sensors-0.1.0-py3.12.egg-info
[2.845s] running install_scripts
[3.016s] Installing humidity_sensor_node script to /home/selqie/buoyancy/install/water_sensors/lib/water_sensors
[3.016s] Installing leak_sensor_node script to /home/selqie/buoyancy/install/water_sensors/lib/water_sensors
[3.017s] writing list of installed files to '/home/selqie/buoyancy/build/water_sensors/install.log'
[3.154s] Invoked command in '/home/selqie/buoyancy/water_sensors' returned '0': PYTHONPATH=/home/selqie/buoyancy/build/water_sensors/prefix_override:/usr/lib/python3/dist-packages/colcon_core/task/python/colcon_distutils_commands:/home/selqie/buoyancy/install/water_sensors/lib/python3.12/site-packages:${PYTHONPATH} /usr/bin/python3 -W ignore:setup.py install is deprecated -W ignore:easy_install command is deprecated setup.py egg_info --egg-base ../build/water_sensors build --build-base /home/selqie/buoyancy/build/water_sensors/build install --record /home/selqie/buoyancy/build/water_sensors/install.log --single-version-externally-managed install_data
