running egg_info
creating ../build/buoy_control/buoy_control.egg-info
writing ../build/buoy_control/buoy_control.egg-info/PKG-INFO
writing dependency_links to ../build/buoy_control/buoy_control.egg-info/dependency_links.txt
writing entry points to ../build/buoy_control/buoy_control.egg-info/entry_points.txt
writing requirements to ../build/buoy_control/buoy_control.egg-info/requires.txt
writing top-level names to ../build/buoy_control/buoy_control.egg-info/top_level.txt
writing manifest file '../build/buoy_control/buoy_control.egg-info/SOURCES.txt'
reading manifest file '../build/buoy_control/buoy_control.egg-info/SOURCES.txt'
adding license file 'LICENSE'
writing manifest file '../build/buoy_control/buoy_control.egg-info/SOURCES.txt'
running build
running build_py
creating /home/selqie/buoyancy/build/buoy_control/build
creating /home/selqie/buoyancy/build/buoy_control/build/lib
creating /home/selqie/buoyancy/build/buoy_control/build/lib/buoy_control
copying buoy_control/button_control.py -> /home/selqie/buoyancy/build/buoy_control/build/lib/buoy_control
copying buoy_control/zero_motor.py -> /home/selqie/buoyancy/build/buoy_control/build/lib/buoy_control
copying buoy_control/backup_motor.py -> /home/selqie/buoyancy/build/buoy_control/build/lib/buoy_control
copying buoy_control/timer_control.py -> /home/selqie/buoyancy/build/buoy_control/build/lib/buoy_control
copying buoy_control/__init__.py -> /home/selqie/buoyancy/build/buoy_control/build/lib/buoy_control
running install
running install_lib
creating /home/selqie/buoyancy/install/buoy_control/lib/python3.12/site-packages/buoy_control
copying /home/selqie/buoyancy/build/buoy_control/build/lib/buoy_control/button_control.py -> /home/selqie/buoyancy/install/buoy_control/lib/python3.12/site-packages/buoy_control
copying /home/selqie/buoyancy/build/buoy_control/build/lib/buoy_control/zero_motor.py -> /home/selqie/buoyancy/install/buoy_control/lib/python3.12/site-packages/buoy_control
copying /home/selqie/buoyancy/build/buoy_control/build/lib/buoy_control/backup_motor.py -> /home/selqie/buoyancy/install/buoy_control/lib/python3.12/site-packages/buoy_control
copying /home/selqie/buoyancy/build/buoy_control/build/lib/buoy_control/timer_control.py -> /home/selqie/buoyancy/install/buoy_control/lib/python3.12/site-packages/buoy_control
copying /home/selqie/buoyancy/build/buoy_control/build/lib/buoy_control/__init__.py -> /home/selqie/buoyancy/install/buoy_control/lib/python3.12/site-packages/buoy_control
byte-compiling /home/selqie/buoyancy/install/buoy_control/lib/python3.12/site-packages/buoy_control/button_control.py to button_control.cpython-312.pyc
byte-compiling /home/selqie/buoyancy/install/buoy_control/lib/python3.12/site-packages/buoy_control/zero_motor.py to zero_motor.cpython-312.pyc
byte-compiling /home/selqie/buoyancy/install/buoy_control/lib/python3.12/site-packages/buoy_control/backup_motor.py to backup_motor.cpython-312.pyc
byte-compiling /home/selqie/buoyancy/install/buoy_control/lib/python3.12/site-packages/buoy_control/timer_control.py to timer_control.cpython-312.pyc
byte-compiling /home/selqie/buoyancy/install/buoy_control/lib/python3.12/site-packages/buoy_control/__init__.py to __init__.cpython-312.pyc
running install_data
creating /home/selqie/buoyancy/install/buoy_control/share/ament_index
creating /home/selqie/buoyancy/install/buoy_control/share/ament_index/resource_index
creating /home/selqie/buoyancy/install/buoy_control/share/ament_index/resource_index/packages
copying resource/buoy_control -> /home/selqie/buoyancy/install/buoy_control/share/ament_index/resource_index/packages
copying package.xml -> /home/selqie/buoyancy/install/buoy_control/share/buoy_control
creating /home/selqie/buoyancy/install/buoy_control/share/buoy_control/launch
copying launch/timer_control_single.launch.py -> /home/selqie/buoyancy/install/buoy_control/share/buoy_control/launch
copying launch/timer_control.launch.py -> /home/selqie/buoyancy/install/buoy_control/share/buoy_control/launch
copying launch/backup_motor.launch.py -> /home/selqie/buoyancy/install/buoy_control/share/buoy_control/launch
copying launch/zero_motor.launch.py -> /home/selqie/buoyancy/install/buoy_control/share/buoy_control/launch
copying launch/button_control.launch.py -> /home/selqie/buoyancy/install/buoy_control/share/buoy_control/launch
running install_egg_info
Copying ../build/buoy_control/buoy_control.egg-info to /home/selqie/buoyancy/install/buoy_control/lib/python3.12/site-packages/buoy_control-0.0.0-py3.12.egg-info
running install_scripts
Installing backup_motor_node script to /home/selqie/buoyancy/install/buoy_control/lib/buoy_control
Installing button_control_node script to /home/selqie/buoyancy/install/buoy_control/lib/buoy_control
Installing timer_control_node script to /home/selqie/buoyancy/install/buoy_control/lib/buoy_control
Installing zero_motor_node script to /home/selqie/buoyancy/install/buoy_control/lib/buoy_control
writing list of installed files to '/home/selqie/buoyancy/build/buoy_control/install.log'
