[3.331s] Invoking command in '/home/selqie/buoyancy/sensors': PYTHONPATH=/home/selqie/buoyancy/build/sensors/prefix_override:/usr/lib/python3/dist-packages/colcon_core/task/python/colcon_distutils_commands:/home/selqie/buoyancy/install/sensors/lib/python3.12/site-packages:${PYTHONPATH} /usr/bin/python3 -W ignore:setup.py install is deprecated -W ignore:easy_install command is deprecated setup.py egg_info --egg-base ../build/sensors build --build-base /home/selqie/buoyancy/build/sensors/build install --record /home/selqie/buoyancy/build/sensors/install.log --single-version-externally-managed install_data
[4.149s] running egg_info
[4.205s] writing ../build/sensors/sensors.egg-info/PKG-INFO
[4.207s] writing dependency_links to ../build/sensors/sensors.egg-info/dependency_links.txt
[4.208s] writing entry points to ../build/sensors/sensors.egg-info/entry_points.txt
[4.209s] writing requirements to ../build/sensors/sensors.egg-info/requires.txt
[4.210s] writing top-level names to ../build/sensors/sensors.egg-info/top_level.txt
[4.333s] reading manifest file '../build/sensors/sensors.egg-info/SOURCES.txt'
[4.333s] writing manifest file '../build/sensors/sensors.egg-info/SOURCES.txt'
[4.334s] running build
[4.335s] running build_py
[4.336s] running install
[4.359s] running install_lib
[4.416s] running install_data
[4.417s] running install_egg_info
[4.475s] removing '/home/selqie/buoyancy/install/sensors/lib/python3.12/site-packages/sensors-0.1.0-py3.12.egg-info' (and everything under it)
[4.477s] Copying ../build/sensors/sensors.egg-info to /home/selqie/buoyancy/install/sensors/lib/python3.12/site-packages/sensors-0.1.0-py3.12.egg-info
[4.480s] running install_scripts
[4.883s] Installing curtor_sensor_node script to /home/selqie/buoyancy/install/sensors/lib/sensors
[4.883s] Installing leak_sensor_node script to /home/selqie/buoyancy/install/sensors/lib/sensors
[4.887s] writing list of installed files to '/home/selqie/buoyancy/build/sensors/install.log'
[5.103s] Invoked command in '/home/selqie/buoyancy/sensors' returned '0': PYTHONPATH=/home/selqie/buoyancy/build/sensors/prefix_override:/usr/lib/python3/dist-packages/colcon_core/task/python/colcon_distutils_commands:/home/selqie/buoyancy/install/sensors/lib/python3.12/site-packages:${PYTHONPATH} /usr/bin/python3 -W ignore:setup.py install is deprecated -W ignore:easy_install command is deprecated setup.py egg_info --egg-base ../build/sensors build --build-base /home/selqie/buoyancy/build/sensors/build install --record /home/selqie/buoyancy/build/sensors/install.log --single-version-externally-managed install_data
