[3.116s] Invoking command in '/home/selqie/buoyancy/sensors': PYTHONPATH=/home/selqie/buoyancy/build/sensors/prefix_override:/usr/lib/python3/dist-packages/colcon_core/task/python/colcon_distutils_commands:/home/selqie/buoyancy/install/sensors/lib/python3.12/site-packages:${PYTHONPATH} /usr/bin/python3 -W ignore:setup.py install is deprecated -W ignore:easy_install command is deprecated setup.py egg_info --egg-base ../build/sensors build --build-base /home/selqie/buoyancy/build/sensors/build install --record /home/selqie/buoyancy/build/sensors/install.log --single-version-externally-managed install_data
[3.925s] running egg_info
[3.978s] writing ../build/sensors/sensors.egg-info/PKG-INFO
[3.979s] writing dependency_links to ../build/sensors/sensors.egg-info/dependency_links.txt
[3.980s] writing entry points to ../build/sensors/sensors.egg-info/entry_points.txt
[3.981s] writing requirements to ../build/sensors/sensors.egg-info/requires.txt
[3.982s] writing top-level names to ../build/sensors/sensors.egg-info/top_level.txt
[4.099s] reading manifest file '../build/sensors/sensors.egg-info/SOURCES.txt'
[4.100s] writing manifest file '../build/sensors/sensors.egg-info/SOURCES.txt'
[4.101s] running build
[4.102s] running build_py
[4.103s] running install
[4.129s] running install_lib
[4.188s] running install_data
[4.192s] running install_egg_info
[4.247s] removing '/home/selqie/buoyancy/install/sensors/lib/python3.12/site-packages/sensors-0.1.0-py3.12.egg-info' (and everything under it)
[4.249s] Copying ../build/sensors/sensors.egg-info to /home/selqie/buoyancy/install/sensors/lib/python3.12/site-packages/sensors-0.1.0-py3.12.egg-info
[4.253s] running install_scripts
[4.640s] Installing curtor_sensor_node script to /home/selqie/buoyancy/install/sensors/lib/sensors
[4.640s] Installing leak_sensor_node script to /home/selqie/buoyancy/install/sensors/lib/sensors
[4.643s] writing list of installed files to '/home/selqie/buoyancy/build/sensors/install.log'
[4.787s] Invoked command in '/home/selqie/buoyancy/sensors' returned '0': PYTHONPATH=/home/selqie/buoyancy/build/sensors/prefix_override:/usr/lib/python3/dist-packages/colcon_core/task/python/colcon_distutils_commands:/home/selqie/buoyancy/install/sensors/lib/python3.12/site-packages:${PYTHONPATH} /usr/bin/python3 -W ignore:setup.py install is deprecated -W ignore:easy_install command is deprecated setup.py egg_info --egg-base ../build/sensors build --build-base /home/selqie/buoyancy/build/sensors/build install --record /home/selqie/buoyancy/build/sensors/install.log --single-version-externally-managed install_data
