[2.269s] Invoking command in '/home/selqie/buoyancy/led': PYTHONPATH=/home/selqie/buoyancy/led/build/led/prefix_override:/usr/lib/python3/dist-packages/colcon_core/task/python/colcon_distutils_commands:/home/selqie/buoyancy/led/install/led/lib/python3.12/site-packages:${PYTHONPATH} /usr/bin/python3 -W ignore:setup.py install is deprecated -W ignore:easy_install command is deprecated setup.py egg_info --egg-base build/led build --build-base /home/selqie/buoyancy/led/build/led/build install --record /home/selqie/buoyancy/led/build/led/install.log --single-version-externally-managed install_data
[2.999s] running egg_info
[3.000s] creating build/led/led.egg-info
[3.048s] writing build/led/led.egg-info/PKG-INFO
[3.049s] writing dependency_links to build/led/led.egg-info/dependency_links.txt
[3.050s] writing entry points to build/led/led.egg-info/entry_points.txt
[3.050s] writing requirements to build/led/led.egg-info/requires.txt
[3.050s] writing top-level names to build/led/led.egg-info/top_level.txt
[3.050s] writing manifest file 'build/led/led.egg-info/SOURCES.txt'
[3.153s] reading manifest file 'build/led/led.egg-info/SOURCES.txt'
[3.155s] writing manifest file 'build/led/led.egg-info/SOURCES.txt'
[3.155s] running build
[3.155s] running build_py
[3.156s] creating /home/selqie/buoyancy/led/build/led/build
[3.156s] creating /home/selqie/buoyancy/led/build/led/build/lib
[3.156s] creating /home/selqie/buoyancy/led/build/led/build/lib/led
[3.157s] copying led/__init__.py -> /home/selqie/buoyancy/led/build/led/build/lib/led
[3.157s] copying led/led_node.py -> /home/selqie/buoyancy/led/build/led/build/lib/led
[3.157s] copying led/timer_node.py -> /home/selqie/buoyancy/led/build/led/build/lib/led
[3.158s] running install
[3.179s] running install_lib
[3.229s] creating /home/selqie/buoyancy/led/install/led/lib/python3.12/site-packages/led
[3.230s] copying /home/selqie/buoyancy/led/build/led/build/lib/led/__init__.py -> /home/selqie/buoyancy/led/install/led/lib/python3.12/site-packages/led
[3.230s] copying /home/selqie/buoyancy/led/build/led/build/lib/led/led_node.py -> /home/selqie/buoyancy/led/install/led/lib/python3.12/site-packages/led
[3.230s] copying /home/selqie/buoyancy/led/build/led/build/lib/led/timer_node.py -> /home/selqie/buoyancy/led/install/led/lib/python3.12/site-packages/led
[3.232s] byte-compiling /home/selqie/buoyancy/led/install/led/lib/python3.12/site-packages/led/__init__.py to __init__.cpython-312.pyc
[3.233s] byte-compiling /home/selqie/buoyancy/led/install/led/lib/python3.12/site-packages/led/led_node.py to led_node.cpython-312.pyc
[3.235s] byte-compiling /home/selqie/buoyancy/led/install/led/lib/python3.12/site-packages/led/timer_node.py to timer_node.cpython-312.pyc
[3.236s] running install_data
[3.237s] creating /home/selqie/buoyancy/led/install/led/share/ament_index
[3.237s] creating /home/selqie/buoyancy/led/install/led/share/ament_index/resource_index
[3.237s] creating /home/selqie/buoyancy/led/install/led/share/ament_index/resource_index/packages
[3.237s] copying resource/led -> /home/selqie/buoyancy/led/install/led/share/ament_index/resource_index/packages
[3.237s] copying package.xml -> /home/selqie/buoyancy/led/install/led/share/led
[3.238s] creating /home/selqie/buoyancy/led/install/led/share/led/launch
[3.238s] copying launch/led_node.launch.py -> /home/selqie/buoyancy/led/install/led/share/led/launch
[3.238s] running install_egg_info
[3.292s] Copying build/led/led.egg-info to /home/selqie/buoyancy/led/install/led/lib/python3.12/site-packages/led-0.0.0-py3.12.egg-info
[3.295s] running install_scripts
[3.639s] Installing led_node script to /home/selqie/buoyancy/led/install/led/lib/led
[3.640s] Installing timer_node script to /home/selqie/buoyancy/led/install/led/lib/led
[3.640s] writing list of installed files to '/home/selqie/buoyancy/led/build/led/install.log'
[3.760s] Invoked command in '/home/selqie/buoyancy/led' returned '0': PYTHONPATH=/home/selqie/buoyancy/led/build/led/prefix_override:/usr/lib/python3/dist-packages/colcon_core/task/python/colcon_distutils_commands:/home/selqie/buoyancy/led/install/led/lib/python3.12/site-packages:${PYTHONPATH} /usr/bin/python3 -W ignore:setup.py install is deprecated -W ignore:easy_install command is deprecated setup.py egg_info --egg-base build/led build --build-base /home/selqie/buoyancy/led/build/led/build install --record /home/selqie/buoyancy/led/build/led/install.log --single-version-externally-managed install_data
