[3.593s] Invoking command in '/home/selqie/buoyancy/led': PYTHONPATH=/home/selqie/buoyancy/build/led/prefix_override:/usr/lib/python3/dist-packages/colcon_core/task/python/colcon_distutils_commands:/home/selqie/buoyancy/install/led/lib/python3.12/site-packages:${PYTHONPATH} /usr/bin/python3 -W ignore:setup.py install is deprecated -W ignore:easy_install command is deprecated setup.py egg_info --egg-base ../build/led build --build-base /home/selqie/buoyancy/build/led/build install --record /home/selqie/buoyancy/build/led/install.log --single-version-externally-managed install_data
[4.392s] running egg_info
[4.448s] writing ../build/led/led.egg-info/PKG-INFO
[4.450s] writing dependency_links to ../build/led/led.egg-info/dependency_links.txt
[4.452s] writing entry points to ../build/led/led.egg-info/entry_points.txt
[4.453s] writing requirements to ../build/led/led.egg-info/requires.txt
[4.455s] writing top-level names to ../build/led/led.egg-info/top_level.txt
[4.562s] reading manifest file '../build/led/led.egg-info/SOURCES.txt'
[4.566s] writing manifest file '../build/led/led.egg-info/SOURCES.txt'
[4.566s] running build
[4.566s] running build_py
[4.570s] running install
[4.592s] running install_lib
[4.650s] running install_data
[4.655s] running install_egg_info
[4.709s] removing '/home/selqie/buoyancy/install/led/lib/python3.12/site-packages/led-0.0.4-py3.12.egg-info' (and everything under it)
[4.709s] Copying ../build/led/led.egg-info to /home/selqie/buoyancy/install/led/lib/python3.12/site-packages/led-0.0.4-py3.12.egg-info
[4.713s] running install_scripts
[5.132s] Installing led_node script to /home/selqie/buoyancy/install/led/lib/led
[5.135s] Installing led_tester script to /home/selqie/buoyancy/install/led/lib/led
[5.137s] Installing rainbow_fade script to /home/selqie/buoyancy/install/led/lib/led
[5.137s] Installing ws2812b-set script to /home/selqie/buoyancy/install/led/lib/led
[5.139s] writing list of installed files to '/home/selqie/buoyancy/build/led/install.log'
[5.365s] Invoked command in '/home/selqie/buoyancy/led' returned '0': PYTHONPATH=/home/selqie/buoyancy/build/led/prefix_override:/usr/lib/python3/dist-packages/colcon_core/task/python/colcon_distutils_commands:/home/selqie/buoyancy/install/led/lib/python3.12/site-packages:${PYTHONPATH} /usr/bin/python3 -W ignore:setup.py install is deprecated -W ignore:easy_install command is deprecated setup.py egg_info --egg-base ../build/led build --build-base /home/selqie/buoyancy/build/led/build install --record /home/selqie/buoyancy/build/led/install.log --single-version-externally-managed install_data
