[2.771s] Invoking command in '/home/selqie/buoyancy/buoy_control': AMENT_PREFIX_PATH=/home/selqie/buoyancy/install/motor_interfaces:${AMENT_PREFIX_PATH} CMAKE_PREFIX_PATH=/home/selqie/buoyancy/install/motor_interfaces LD_LIBRARY_PATH=/home/selqie/buoyancy/install/motor_interfaces/lib:${LD_LIBRARY_PATH} PYTHONPATH=/home/selqie/buoyancy/build/buoy_control/prefix_override:/usr/lib/python3/dist-packages/colcon_core/task/python/colcon_distutils_commands:/home/selqie/buoyancy/install/buoy_control/lib/python3.12/site-packages:/home/selqie/buoyancy/install/motor_interfaces/lib/python3.12/site-packages:${PYTHONPATH} /usr/bin/python3 -W ignore:setup.py install is deprecated -W ignore:easy_install command is deprecated setup.py egg_info --egg-base ../build/buoy_control build --build-base /home/selqie/buoyancy/build/buoy_control/build install --record /home/selqie/buoyancy/build/buoy_control/install.log --single-version-externally-managed install_data
[3.226s] running egg_info
[3.247s] writing ../build/buoy_control/buoy_control.egg-info/PKG-INFO
[3.248s] writing dependency_links to ../build/buoy_control/buoy_control.egg-info/dependency_links.txt
[3.250s] writing entry points to ../build/buoy_control/buoy_control.egg-info/entry_points.txt
[3.253s] writing requirements to ../build/buoy_control/buoy_control.egg-info/requires.txt
[3.254s] writing top-level names to ../build/buoy_control/buoy_control.egg-info/top_level.txt
[3.348s] reading manifest file '../build/buoy_control/buoy_control.egg-info/SOURCES.txt'
[3.349s] adding license file 'LICENSE'
[3.351s] writing manifest file '../build/buoy_control/buoy_control.egg-info/SOURCES.txt'
[3.351s] running build
[3.351s] running build_py
[3.352s] copying buoy_control/backup_motor.py -> /home/selqie/buoyancy/build/buoy_control/build/lib/buoy_control
[3.353s] running install
[3.370s] running install_lib
[3.392s] copying /home/selqie/buoyancy/build/buoy_control/build/lib/buoy_control/backup_motor.py -> /home/selqie/buoyancy/install/buoy_control/lib/python3.12/site-packages/buoy_control
[3.393s] byte-compiling /home/selqie/buoyancy/install/buoy_control/lib/python3.12/site-packages/buoy_control/backup_motor.py to backup_motor.cpython-312.pyc
[3.394s] running install_data
[3.394s] running install_egg_info
[3.418s] removing '/home/selqie/buoyancy/install/buoy_control/lib/python3.12/site-packages/buoy_control-0.0.0-py3.12.egg-info' (and everything under it)
[3.419s] Copying ../build/buoy_control/buoy_control.egg-info to /home/selqie/buoyancy/install/buoy_control/lib/python3.12/site-packages/buoy_control-0.0.0-py3.12.egg-info
[3.420s] running install_scripts
[3.641s] Installing backup_motor_node script to /home/selqie/buoyancy/install/buoy_control/lib/buoy_control
[3.641s] Installing button_control_node script to /home/selqie/buoyancy/install/buoy_control/lib/buoy_control
[3.643s] Installing timer_control_node script to /home/selqie/buoyancy/install/buoy_control/lib/buoy_control
[3.644s] Installing zero_motor_node script to /home/selqie/buoyancy/install/buoy_control/lib/buoy_control
[3.645s] writing list of installed files to '/home/selqie/buoyancy/build/buoy_control/install.log'
[3.794s] Invoked command in '/home/selqie/buoyancy/buoy_control' returned '0': AMENT_PREFIX_PATH=/home/selqie/buoyancy/install/motor_interfaces:${AMENT_PREFIX_PATH} CMAKE_PREFIX_PATH=/home/selqie/buoyancy/install/motor_interfaces LD_LIBRARY_PATH=/home/selqie/buoyancy/install/motor_interfaces/lib:${LD_LIBRARY_PATH} PYTHONPATH=/home/selqie/buoyancy/build/buoy_control/prefix_override:/usr/lib/python3/dist-packages/colcon_core/task/python/colcon_distutils_commands:/home/selqie/buoyancy/install/buoy_control/lib/python3.12/site-packages:/home/selqie/buoyancy/install/motor_interfaces/lib/python3.12/site-packages:${PYTHONPATH} /usr/bin/python3 -W ignore:setup.py install is deprecated -W ignore:easy_install command is deprecated setup.py egg_info --egg-base ../build/buoy_control build --build-base /home/selqie/buoyancy/build/buoy_control/build install --record /home/selqie/buoyancy/build/buoy_control/install.log --single-version-externally-managed install_data
