[3.319s] Invoking command in '/home/selqie/buoyancy/sensors': PYTHONPATH=/home/selqie/buoyancy/build/sensors/prefix_override:/usr/lib/python3/dist-packages/colcon_core/task/python/colcon_distutils_commands:/home/selqie/buoyancy/install/sensors/lib/python3.12/site-packages:${PYTHONPATH} /usr/bin/python3 -W ignore:setup.py install is deprecated -W ignore:easy_install command is deprecated setup.py egg_info --egg-base ../build/sensors build --build-base /home/selqie/buoyancy/build/sensors/build install --record /home/selqie/buoyancy/build/sensors/install.log --single-version-externally-managed install_data
[4.146s] running egg_info
[4.201s] writing ../build/sensors/sensors.egg-info/PKG-INFO
[4.202s] writing dependency_links to ../build/sensors/sensors.egg-info/dependency_links.txt
[4.204s] writing entry points to ../build/sensors/sensors.egg-info/entry_points.txt
[4.205s] writing requirements to ../build/sensors/sensors.egg-info/requires.txt
[4.206s] writing top-level names to ../build/sensors/sensors.egg-info/top_level.txt
[4.321s] reading manifest file '../build/sensors/sensors.egg-info/SOURCES.txt'
[4.324s] writing manifest file '../build/sensors/sensors.egg-info/SOURCES.txt'
[4.327s] running build
[4.327s] running build_py
[4.328s] running install
[4.352s] running install_lib
[4.410s] running install_data
[4.413s] running install_egg_info
[4.469s] removing '/home/selqie/buoyancy/install/sensors/lib/python3.12/site-packages/sensors-0.1.0-py3.12.egg-info' (and everything under it)
[4.469s] Copying ../build/sensors/sensors.egg-info to /home/selqie/buoyancy/install/sensors/lib/python3.12/site-packages/sensors-0.1.0-py3.12.egg-info
[4.472s] running install_scripts
[4.898s] Installing curtor_sensor_node script to /home/selqie/buoyancy/install/sensors/lib/sensors
[4.899s] Installing leak_sensor_node script to /home/selqie/buoyancy/install/sensors/lib/sensors
[4.906s] writing list of installed files to '/home/selqie/buoyancy/build/sensors/install.log'
[5.106s] Invoked command in '/home/selqie/buoyancy/sensors' returned '0': PYTHONPATH=/home/selqie/buoyancy/build/sensors/prefix_override:/usr/lib/python3/dist-packages/colcon_core/task/python/colcon_distutils_commands:/home/selqie/buoyancy/install/sensors/lib/python3.12/site-packages:${PYTHONPATH} /usr/bin/python3 -W ignore:setup.py install is deprecated -W ignore:easy_install command is deprecated setup.py egg_info --egg-base ../build/sensors build --build-base /home/selqie/buoyancy/build/sensors/build install --record /home/selqie/buoyancy/build/sensors/install.log --single-version-externally-managed install_data
