[3.255s] Invoking command in '/home/selqie/buoyancy/buoy_control': AMENT_PREFIX_PATH=/home/selqie/buoyancy/install/motor_interfaces:${AMENT_PREFIX_PATH} CMAKE_PREFIX_PATH=/home/selqie/buoyancy/install/motor_interfaces LD_LIBRARY_PATH=/home/selqie/buoyancy/install/motor_interfaces/lib:${LD_LIBRARY_PATH} PYTHONPATH=/home/selqie/buoyancy/build/buoy_control/prefix_override:/usr/lib/python3/dist-packages/colcon_core/task/python/colcon_distutils_commands:/home/selqie/buoyancy/install/buoy_control/lib/python3.12/site-packages:/home/selqie/buoyancy/install/motor_interfaces/lib/python3.12/site-packages:${PYTHONPATH} /usr/bin/python3 -W ignore:setup.py install is deprecated -W ignore:easy_install command is deprecated setup.py egg_info --egg-base ../build/buoy_control build --build-base /home/selqie/buoyancy/build/buoy_control/build install --record /home/selqie/buoyancy/build/buoy_control/install.log --single-version-externally-managed install_data
[3.899s] running egg_info
[3.949s] writing ../build/buoy_control/buoy_control.egg-info/PKG-INFO
[3.950s] writing dependency_links to ../build/buoy_control/buoy_control.egg-info/dependency_links.txt
[3.951s] writing entry points to ../build/buoy_control/buoy_control.egg-info/entry_points.txt
[3.952s] writing requirements to ../build/buoy_control/buoy_control.egg-info/requires.txt
[3.952s] writing top-level names to ../build/buoy_control/buoy_control.egg-info/top_level.txt
[4.009s] reading manifest file '../build/buoy_control/buoy_control.egg-info/SOURCES.txt'
[4.010s] adding license file 'LICENSE'
[4.011s] writing manifest file '../build/buoy_control/buoy_control.egg-info/SOURCES.txt'
[4.011s] running build
[4.011s] running build_py
[4.014s] running install
[4.026s] running install_lib
[4.070s] running install_data
[4.071s] running install_egg_info
[4.127s] removing '/home/selqie/buoyancy/install/buoy_control/lib/python3.12/site-packages/buoy_control-0.0.0-py3.12.egg-info' (and everything under it)
[4.127s] Copying ../build/buoy_control/buoy_control.egg-info to /home/selqie/buoyancy/install/buoy_control/lib/python3.12/site-packages/buoy_control-0.0.0-py3.12.egg-info
[4.131s] running install_scripts
[4.348s] Installing backup_motor_node script to /home/selqie/buoyancy/install/buoy_control/lib/buoy_control
[4.349s] Installing button_control_node script to /home/selqie/buoyancy/install/buoy_control/lib/buoy_control
[4.350s] Installing timer_control_node script to /home/selqie/buoyancy/install/buoy_control/lib/buoy_control
[4.352s] Installing zero_motor_node script to /home/selqie/buoyancy/install/buoy_control/lib/buoy_control
[4.353s] writing list of installed files to '/home/selqie/buoyancy/build/buoy_control/install.log'
[4.478s] Invoked command in '/home/selqie/buoyancy/buoy_control' returned '0': AMENT_PREFIX_PATH=/home/selqie/buoyancy/install/motor_interfaces:${AMENT_PREFIX_PATH} CMAKE_PREFIX_PATH=/home/selqie/buoyancy/install/motor_interfaces LD_LIBRARY_PATH=/home/selqie/buoyancy/install/motor_interfaces/lib:${LD_LIBRARY_PATH} PYTHONPATH=/home/selqie/buoyancy/build/buoy_control/prefix_override:/usr/lib/python3/dist-packages/colcon_core/task/python/colcon_distutils_commands:/home/selqie/buoyancy/install/buoy_control/lib/python3.12/site-packages:/home/selqie/buoyancy/install/motor_interfaces/lib/python3.12/site-packages:${PYTHONPATH} /usr/bin/python3 -W ignore:setup.py install is deprecated -W ignore:easy_install command is deprecated setup.py egg_info --egg-base ../build/buoy_control build --build-base /home/selqie/buoyancy/build/buoy_control/build install --record /home/selqie/buoyancy/build/buoy_control/install.log --single-version-externally-managed install_data
