[0.462s] Invoking command in '/home/selqie/buoyancy/build/bno08x_driver': CMAKE_PREFIX_PATH=/opt/ros/jazzy /usr/bin/cmake --build /home/selqie/buoyancy/build/bno08x_driver -- -j4 -l4
[0.563s] [ 27%] Built target sh2_library
[0.582s] [ 44%] Built target gmock
[0.593s] [ 55%] Built target gmock_main
[0.638s] [ 77%] Built target bno08x_driver
[0.650s] [ 88%] Built target test_i2c_mock
[0.666s] [100%] Built target test_watchdog
[0.905s] Invoked command in '/home/selqie/buoyancy/build/bno08x_driver' returned '0': CMAKE_PREFIX_PATH=/opt/ros/jazzy /usr/bin/cmake --build /home/selqie/buoyancy/build/bno08x_driver -- -j4 -l4
[0.907s] Invoking command in '/home/selqie/buoyancy/build/bno08x_driver': CMAKE_PREFIX_PATH=/opt/ros/jazzy /usr/bin/cmake --install /home/selqie/buoyancy/build/bno08x_driver
[0.929s] -- Install configuration: ""
[0.929s] -- Up-to-date: /home/selqie/buoyancy/install/bno08x_driver/lib/bno08x_driver/bno08x_driver
[0.929s] -- Up-to-date: /home/selqie/buoyancy/install/bno08x_driver/share/bno08x_driver/config
[0.929s] -- Up-to-date: /home/selqie/buoyancy/install/bno08x_driver/share/bno08x_driver/config/bno085_i2c.yaml
[0.933s] -- Up-to-date: /home/selqie/buoyancy/install/bno08x_driver/share/bno08x_driver/launch
[0.933s] -- Up-to-date: /home/selqie/buoyancy/install/bno08x_driver/share/bno08x_driver/launch/bno085_i2c.launch.py
[0.933s] -- Up-to-date: /home/selqie/buoyancy/install/bno08x_driver/share/ament_index/resource_index/package_run_dependencies/bno08x_driver
[0.933s] -- Up-to-date: /home/selqie/buoyancy/install/bno08x_driver/share/ament_index/resource_index/parent_prefix_path/bno08x_driver
[0.934s] -- Up-to-date: /home/selqie/buoyancy/install/bno08x_driver/share/bno08x_driver/environment/ament_prefix_path.sh
[0.934s] -- Up-to-date: /home/selqie/buoyancy/install/bno08x_driver/share/bno08x_driver/environment/ament_prefix_path.dsv
[0.935s] -- Up-to-date: /home/selqie/buoyancy/install/bno08x_driver/share/bno08x_driver/environment/path.sh
[0.939s] -- Up-to-date: /home/selqie/buoyancy/install/bno08x_driver/share/bno08x_driver/environment/path.dsv
[0.940s] -- Up-to-date: /home/selqie/buoyancy/install/bno08x_driver/share/bno08x_driver/local_setup.bash
[0.940s] -- Up-to-date: /home/selqie/buoyancy/install/bno08x_driver/share/bno08x_driver/local_setup.sh
[0.940s] -- Up-to-date: /home/selqie/buoyancy/install/bno08x_driver/share/bno08x_driver/local_setup.zsh
[0.940s] -- Up-to-date: /home/selqie/buoyancy/install/bno08x_driver/share/bno08x_driver/local_setup.dsv
[0.940s] -- Installing: /home/selqie/buoyancy/install/bno08x_driver/share/bno08x_driver/package.dsv
[0.941s] -- Up-to-date: /home/selqie/buoyancy/install/bno08x_driver/share/ament_index/resource_index/packages/bno08x_driver
[0.941s] -- Up-to-date: /home/selqie/buoyancy/install/bno08x_driver/share/bno08x_driver/cmake/bno08x_driverConfig.cmake
[0.941s] -- Up-to-date: /home/selqie/buoyancy/install/bno08x_driver/share/bno08x_driver/cmake/bno08x_driverConfig-version.cmake
[0.941s] -- Up-to-date: /home/selqie/buoyancy/install/bno08x_driver/share/bno08x_driver/package.xml
[0.949s] Invoked command in '/home/selqie/buoyancy/build/bno08x_driver' returned '0': CMAKE_PREFIX_PATH=/opt/ros/jazzy /usr/bin/cmake --install /home/selqie/buoyancy/build/bno08x_driver
