[2.333s] Invoking command in '/home/selqie/buoyancy/led': PYTHONPATH=/home/selqie/buoyancy/build/led/prefix_override:/usr/lib/python3/dist-packages/colcon_core/task/python/colcon_distutils_commands:/home/selqie/buoyancy/install/led/lib/python3.12/site-packages:${PYTHONPATH} /usr/bin/python3 -W ignore:setup.py install is deprecated -W ignore:easy_install command is deprecated setup.py egg_info --egg-base ../build/led build --build-base /home/selqie/buoyancy/build/led/build install --record /home/selqie/buoyancy/build/led/install.log --single-version-externally-managed install_data
[3.065s] running egg_info
[3.120s] writing ../build/led/led.egg-info/PKG-INFO
[3.121s] writing dependency_links to ../build/led/led.egg-info/dependency_links.txt
[3.121s] writing entry points to ../build/led/led.egg-info/entry_points.txt
[3.121s] writing requirements to ../build/led/led.egg-info/requires.txt
[3.121s] writing top-level names to ../build/led/led.egg-info/top_level.txt
[3.231s] reading manifest file '../build/led/led.egg-info/SOURCES.txt'
[3.237s] writing manifest file '../build/led/led.egg-info/SOURCES.txt'
[3.238s] running build
[3.238s] running build_py
[3.238s] running install
[3.262s] running install_lib
[3.317s] running install_data
[3.317s] running install_egg_info
[3.371s] removing '/home/selqie/buoyancy/install/led/lib/python3.12/site-packages/led-0.0.4-py3.12.egg-info' (and everything under it)
[3.372s] Copying ../build/led/led.egg-info to /home/selqie/buoyancy/install/led/lib/python3.12/site-packages/led-0.0.4-py3.12.egg-info
[3.376s] running install_scripts
[3.739s] Installing led_node script to /home/selqie/buoyancy/install/led/lib/led
[3.785s] Installing led_tester script to /home/selqie/buoyancy/install/led/lib/led
[3.787s] Installing rainbow_fade script to /home/selqie/buoyancy/install/led/lib/led
[3.790s] Installing ws2812b-set script to /home/selqie/buoyancy/install/led/lib/led
[3.791s] writing list of installed files to '/home/selqie/buoyancy/build/led/install.log'
[3.981s] Invoked command in '/home/selqie/buoyancy/led' returned '0': PYTHONPATH=/home/selqie/buoyancy/build/led/prefix_override:/usr/lib/python3/dist-packages/colcon_core/task/python/colcon_distutils_commands:/home/selqie/buoyancy/install/led/lib/python3.12/site-packages:${PYTHONPATH} /usr/bin/python3 -W ignore:setup.py install is deprecated -W ignore:easy_install command is deprecated setup.py egg_info --egg-base ../build/led build --build-base /home/selqie/buoyancy/build/led/build install --record /home/selqie/buoyancy/build/led/install.log --single-version-externally-managed install_data
