[1.520s] Invoking command in '/home/selqie/buoyancy/sensing/ms5837_bar_ros': PYTHONPATH=/home/selqie/buoyancy/build/ms5837_bar_ros/prefix_override:/usr/lib/python3/dist-packages/colcon_core/task/python/colcon_distutils_commands:/home/selqie/buoyancy/install/ms5837_bar_ros/lib/python3.12/site-packages:${PYTHONPATH} /usr/bin/python3 -W ignore:setup.py install is deprecated -W ignore:easy_install command is deprecated setup.py egg_info --egg-base ../../build/ms5837_bar_ros build --build-base /home/selqie/buoyancy/build/ms5837_bar_ros/build install --record /home/selqie/buoyancy/build/ms5837_bar_ros/install.log --single-version-externally-managed install_data
[1.974s] running egg_info
[2.027s] writing ../../build/ms5837_bar_ros/ms5837_bar_ros.egg-info/PKG-INFO
[2.029s] writing dependency_links to ../../build/ms5837_bar_ros/ms5837_bar_ros.egg-info/dependency_links.txt
[2.029s] writing entry points to ../../build/ms5837_bar_ros/ms5837_bar_ros.egg-info/entry_points.txt
[2.029s] writing requirements to ../../build/ms5837_bar_ros/ms5837_bar_ros.egg-info/requires.txt
[2.031s] writing top-level names to ../../build/ms5837_bar_ros/ms5837_bar_ros.egg-info/top_level.txt
[2.097s] reading manifest file '../../build/ms5837_bar_ros/ms5837_bar_ros.egg-info/SOURCES.txt'
[2.098s] adding license file 'LICENSE'
[2.099s] writing manifest file '../../build/ms5837_bar_ros/ms5837_bar_ros.egg-info/SOURCES.txt'
[2.099s] running build
[2.099s] running build_py
[2.100s] running install
[2.112s] running install_lib
[2.138s] running install_data
[2.138s] running install_egg_info
[2.163s] removing '/home/selqie/buoyancy/install/ms5837_bar_ros/lib/python3.12/site-packages/ms5837_bar_ros-0.0.0-py3.12.egg-info' (and everything under it)
[2.164s] Copying ../../build/ms5837_bar_ros/ms5837_bar_ros.egg-info to /home/selqie/buoyancy/install/ms5837_bar_ros/lib/python3.12/site-packages/ms5837_bar_ros-0.0.0-py3.12.egg-info
[2.165s] running install_scripts
[2.326s] Installing bar02_node script to /home/selqie/buoyancy/install/ms5837_bar_ros/lib/ms5837_bar_ros
[2.326s] Installing bar30_node script to /home/selqie/buoyancy/install/ms5837_bar_ros/lib/ms5837_bar_ros
[2.327s] writing list of installed files to '/home/selqie/buoyancy/build/ms5837_bar_ros/install.log'
[2.766s] Invoked command in '/home/selqie/buoyancy/sensing/ms5837_bar_ros' returned '0': PYTHONPATH=/home/selqie/buoyancy/build/ms5837_bar_ros/prefix_override:/usr/lib/python3/dist-packages/colcon_core/task/python/colcon_distutils_commands:/home/selqie/buoyancy/install/ms5837_bar_ros/lib/python3.12/site-packages:${PYTHONPATH} /usr/bin/python3 -W ignore:setup.py install is deprecated -W ignore:easy_install command is deprecated setup.py egg_info --egg-base ../../build/ms5837_bar_ros build --build-base /home/selqie/buoyancy/build/ms5837_bar_ros/build install --record /home/selqie/buoyancy/build/ms5837_bar_ros/install.log --single-version-externally-managed install_data
