[3.246s] Invoking command in '/home/selqie/buoyancy/buoy_control': AMENT_PREFIX_PATH=/home/selqie/buoyancy/install/motor_interfaces:${AMENT_PREFIX_PATH} CMAKE_PREFIX_PATH=/home/selqie/buoyancy/install/motor_interfaces LD_LIBRARY_PATH=/home/selqie/buoyancy/install/motor_interfaces/lib:${LD_LIBRARY_PATH} PYTHONPATH=/home/selqie/buoyancy/build/buoy_control/prefix_override:/usr/lib/python3/dist-packages/colcon_core/task/python/colcon_distutils_commands:/home/selqie/buoyancy/install/buoy_control/lib/python3.12/site-packages:/home/selqie/buoyancy/install/motor_interfaces/lib/python3.12/site-packages:${PYTHONPATH} /usr/bin/python3 -W ignore:setup.py install is deprecated -W ignore:easy_install command is deprecated setup.py egg_info --egg-base ../build/buoy_control build --build-base /home/selqie/buoyancy/build/buoy_control/build install --record /home/selqie/buoyancy/build/buoy_control/install.log --single-version-externally-managed install_data
[3.987s] running egg_info
[4.036s] writing ../build/buoy_control/buoy_control.egg-info/PKG-INFO
[4.037s] writing dependency_links to ../build/buoy_control/buoy_control.egg-info/dependency_links.txt
[4.038s] writing entry points to ../build/buoy_control/buoy_control.egg-info/entry_points.txt
[4.039s] writing requirements to ../build/buoy_control/buoy_control.egg-info/requires.txt
[4.040s] writing top-level names to ../build/buoy_control/buoy_control.egg-info/top_level.txt
[4.143s] reading manifest file '../build/buoy_control/buoy_control.egg-info/SOURCES.txt'
[4.143s] adding license file 'LICENSE'
[4.145s] writing manifest file '../build/buoy_control/buoy_control.egg-info/SOURCES.txt'
[4.146s] running build
[4.146s] running build_py
[4.146s] copying buoy_control/timer_control.py -> /home/selqie/buoyancy/build/buoy_control/build/lib/buoy_control
[4.147s] running install
[4.168s] running install_lib
[4.219s] copying /home/selqie/buoyancy/build/buoy_control/build/lib/buoy_control/timer_control.py -> /home/selqie/buoyancy/install/buoy_control/lib/python3.12/site-packages/buoy_control
[4.221s] byte-compiling /home/selqie/buoyancy/install/buoy_control/lib/python3.12/site-packages/buoy_control/timer_control.py to timer_control.cpython-312.pyc
[4.225s]   File "/home/selqie/buoyancy/install/buoy_control/lib/python3.12/site-packages/buoy_control/timer_control.py", line 96
[4.225s]     self.stopped = False:
[4.225s]                         ^
[4.226s] SyntaxError: invalid syntax
[4.226s] 
[4.226s] running install_data
[4.226s] running install_egg_info
[4.280s] removing '/home/selqie/buoyancy/install/buoy_control/lib/python3.12/site-packages/buoy_control-0.0.0-py3.12.egg-info' (and everything under it)
[4.281s] Copying ../build/buoy_control/buoy_control.egg-info to /home/selqie/buoyancy/install/buoy_control/lib/python3.12/site-packages/buoy_control-0.0.0-py3.12.egg-info
[4.283s] running install_scripts
[4.632s] Installing backup_motor_node script to /home/selqie/buoyancy/install/buoy_control/lib/buoy_control
[4.633s] Installing button_control_node script to /home/selqie/buoyancy/install/buoy_control/lib/buoy_control
[4.635s] Installing timer_control_node script to /home/selqie/buoyancy/install/buoy_control/lib/buoy_control
[4.636s] Installing zero_motor_node script to /home/selqie/buoyancy/install/buoy_control/lib/buoy_control
[4.638s] writing list of installed files to '/home/selqie/buoyancy/build/buoy_control/install.log'
[4.778s] Invoked command in '/home/selqie/buoyancy/buoy_control' returned '0': AMENT_PREFIX_PATH=/home/selqie/buoyancy/install/motor_interfaces:${AMENT_PREFIX_PATH} CMAKE_PREFIX_PATH=/home/selqie/buoyancy/install/motor_interfaces LD_LIBRARY_PATH=/home/selqie/buoyancy/install/motor_interfaces/lib:${LD_LIBRARY_PATH} PYTHONPATH=/home/selqie/buoyancy/build/buoy_control/prefix_override:/usr/lib/python3/dist-packages/colcon_core/task/python/colcon_distutils_commands:/home/selqie/buoyancy/install/buoy_control/lib/python3.12/site-packages:/home/selqie/buoyancy/install/motor_interfaces/lib/python3.12/site-packages:${PYTHONPATH} /usr/bin/python3 -W ignore:setup.py install is deprecated -W ignore:easy_install command is deprecated setup.py egg_info --egg-base ../build/buoy_control build --build-base /home/selqie/buoyancy/build/buoy_control/build install --record /home/selqie/buoyancy/build/buoy_control/install.log --single-version-externally-managed install_data
