[0.047s] Invoking command in '/home/selqie/buoyancy/build/motor_interfaces': CMAKE_PREFIX_PATH=/opt/ros/jazzy /usr/bin/cmake --build /home/selqie/buoyancy/build/motor_interfaces -- -j4 -l4
[0.695s] [  2%] Built target motor_interfaces__rosidl_generator_type_description
[0.695s] [  2%] Built target ament_cmake_python_copy_motor_interfaces
[0.695s] [ 11%] Built target motor_interfaces__cpp
[0.696s] [ 20%] Built target motor_interfaces__rosidl_generator_c
[0.696s] [ 29%] Built target motor_interfaces__rosidl_typesupport_fastrtps_c
[0.696s] [ 38%] Built target motor_interfaces__rosidl_typesupport_c
[0.697s] [ 47%] Built target motor_interfaces__rosidl_typesupport_introspection_c
[0.697s] [ 55%] Built target motor_interfaces__rosidl_typesupport_fastrtps_cpp
[0.697s] [ 64%] Built target motor_interfaces__rosidl_typesupport_introspection_cpp
[0.697s] [ 73%] Built target motor_interfaces__rosidl_typesupport_cpp
[0.697s] [ 73%] Built target motor_interfaces
[0.698s] [ 76%] Built target motor_interfaces__py
[0.744s] [ 82%] Built target motor_interfaces__rosidl_generator_py
[0.818s] [100%] Built target motor_interfaces_s__rosidl_typesupport_introspection_c
[0.821s] [100%] Built target motor_interfaces_s__rosidl_typesupport_c
[0.821s] [100%] Built target motor_interfaces_s__rosidl_typesupport_fastrtps_c
[0.971s] running egg_info
[1.024s] writing motor_interfaces.egg-info/PKG-INFO
[1.024s] writing dependency_links to motor_interfaces.egg-info/dependency_links.txt
[1.026s] writing top-level names to motor_interfaces.egg-info/top_level.txt
[1.174s] reading manifest file 'motor_interfaces.egg-info/SOURCES.txt'
[1.176s] writing manifest file 'motor_interfaces.egg-info/SOURCES.txt'
[1.280s] [100%] Built target ament_cmake_python_build_motor_interfaces_egg
