[2.291s] Invoking command in '/home/selqie/buoyancy/battery': PYTHONPATH=/home/selqie/buoyancy/build/battery/prefix_override:/usr/lib/python3/dist-packages/colcon_core/task/python/colcon_distutils_commands:/home/selqie/buoyancy/install/battery/lib/python3.12/site-packages:${PYTHONPATH} /usr/bin/python3 -W ignore:setup.py install is deprecated -W ignore:easy_install command is deprecated setup.py egg_info --egg-base ../build/battery build --build-base /home/selqie/buoyancy/build/battery/build install --record /home/selqie/buoyancy/build/battery/install.log --single-version-externally-managed install_data
[2.843s] running egg_info
[2.898s] writing ../build/battery/battery.egg-info/PKG-INFO
[2.899s] writing dependency_links to ../build/battery/battery.egg-info/dependency_links.txt
[2.900s] writing entry points to ../build/battery/battery.egg-info/entry_points.txt
[2.901s] writing requirements to ../build/battery/battery.egg-info/requires.txt
[2.902s] writing top-level names to ../build/battery/battery.egg-info/top_level.txt
[2.954s] reading manifest file '../build/battery/battery.egg-info/SOURCES.txt'
[2.957s] writing manifest file '../build/battery/battery.egg-info/SOURCES.txt'
[2.957s] running build
[2.957s] running build_py
[2.957s] running install
[2.969s] running install_lib
[2.995s] running install_data
[2.996s] running install_egg_info
[3.046s] removing '/home/selqie/buoyancy/install/battery/lib/python3.12/site-packages/battery-0.0.0-py3.12.egg-info' (and everything under it)
[3.047s] Copying ../build/battery/battery.egg-info to /home/selqie/buoyancy/install/battery/lib/python3.12/site-packages/battery-0.0.0-py3.12.egg-info
[3.050s] running install_scripts
[3.295s] Installing tinybms_voltage_uart script to /home/selqie/buoyancy/install/battery/lib/battery
[3.296s] writing list of installed files to '/home/selqie/buoyancy/build/battery/install.log'
[3.451s] Invoked command in '/home/selqie/buoyancy/battery' returned '0': PYTHONPATH=/home/selqie/buoyancy/build/battery/prefix_override:/usr/lib/python3/dist-packages/colcon_core/task/python/colcon_distutils_commands:/home/selqie/buoyancy/install/battery/lib/python3.12/site-packages:${PYTHONPATH} /usr/bin/python3 -W ignore:setup.py install is deprecated -W ignore:easy_install command is deprecated setup.py egg_info --egg-base ../build/battery build --build-base /home/selqie/buoyancy/build/battery/build install --record /home/selqie/buoyancy/build/battery/install.log --single-version-externally-managed install_data
